0.000000000e+00 0.000000e+00
2.000000000e-10 1.000000e-01
4.258534959e-01 3.999999e+00
8.525202901e-01 1.000000e-01
1.279187102e+00 3.999999e+00
1.705853897e+00 1.000000e-01
2.132520709e+00 3.999999e+00
2.559187503e+00 1.000000e-01
2.985854315e+00 3.999999e+00
3.412521109e+00 1.000000e-01
3.839187922e+00 3.999999e+00
4.265854716e+00 1.000000e-01
4.267521392e+00 3.999999e+00
4.269188050e+00 1.000000e-01
4.270854726e+00 3.999999e+00
4.272521385e+00 1.000000e-01
4.274188061e+00 3.999999e+00
4.275854719e+00 1.000000e-01
4.277521395e+00 3.999999e+00
4.279188053e+00 1.000000e-01
4.280854730e+00 3.999999e+00
4.282521388e+00 1.000000e-01
4.284188064e+00 3.999999e+00
4.285854722e+00 1.000000e-01
4.287521398e+00 3.999999e+00
4.289188057e+00 1.000000e-01
4.290854733e+00 3.999999e+00
4.292521391e+00 1.000000e-01
4.294188067e+00 3.999999e+00
4.295854725e+00 1.000000e-01
4.297521402e+00 3.999999e+00
4.299188060e+00 1.000000e-01
4.300854736e+00 3.999999e+00
4.302521394e+00 1.000000e-01
4.304188070e+00 3.999999e+00
4.305854728e+00 1.000000e-01
4.307521405e+00 3.999999e+00
4.309188063e+00 1.000000e-01
4.310854739e+00 3.999999e+00
4.312521397e+00 1.000000e-01
4.314188074e+00 3.999999e+00
4.315854732e+00 1.000000e-01
4.317521408e+00 3.999999e+00
4.319188066e+00 1.000000e-01
4.320854742e+00 3.999999e+00
4.322521401e+00 1.000000e-01
4.324188077e+00 3.999999e+00
4.325854735e+00 1.000000e-01
4.327521411e+00 3.999999e+00
4.329188069e+00 1.000000e-01
4.330854745e+00 3.999999e+00
4.332521404e+00 1.000000e-01
4.334188080e+00 3.999999e+00
4.335854738e+00 1.000000e-01
4.337521414e+00 3.999999e+00
4.339188072e+00 1.000000e-01
4.340854749e+00 3.999999e+00
4.342521407e+00 1.000000e-01
4.344188083e+00 3.999999e+00
4.345854741e+00 1.000000e-01
4.347521418e+00 3.999999e+00
4.349188076e+00 1.000000e-01
4.350854752e+00 3.999999e+00
4.352521410e+00 1.000000e-01
4.354188086e+00 3.999999e+00
4.355854745e+00 1.000000e-01
4.357521421e+00 3.999999e+00
4.359188079e+00 1.000000e-01
4.360854755e+00 3.999999e+00
4.362521413e+00 1.000000e-01
4.364188089e+00 3.999999e+00
4.365854748e+00 1.000000e-01
4.367521424e+00 3.999999e+00
4.369188082e+00 1.000000e-01
4.370854758e+00 3.999999e+00
4.372521417e+00 1.000000e-01
4.374188093e+00 3.999999e+00
4.375854751e+00 1.000000e-01
4.377521427e+00 3.999999e+00
4.379188085e+00 1.000000e-01
4.380854762e+00 3.999999e+00
4.382521420e+00 1.000000e-01
4.384188096e+00 3.999999e+00
4.385854754e+00 1.000000e-01
4.387521430e+00 3.999999e+00
4.389188089e+00 1.000000e-01
4.390854765e+00 3.999999e+00
4.392521423e+00 1.000000e-01
4.394188099e+00 3.999999e+00
4.395854757e+00 1.000000e-01
4.397521434e+00 3.999999e+00
4.399188092e+00 1.000000e-01
4.400854768e+00 3.999999e+00
4.402521426e+00 1.000000e-01
4.404188102e+00 3.999999e+00
4.405854761e+00 1.000000e-01
4.407521437e+00 3.999999e+00
4.409188095e+00 1.000000e-01
4.410854771e+00 3.999999e+00
4.412521429e+00 1.000000e-01
4.414188106e+00 3.999999e+00
4.415854764e+00 1.000000e-01
4.417521440e+00 3.999999e+00
4.419188098e+00 1.000000e-01
4.420854774e+00 3.999999e+00
4.422521432e+00 1.000000e-01
4.424188109e+00 3.999999e+00
4.425854767e+00 1.000000e-01
4.427521443e+00 3.999999e+00
4.429188101e+00 1.000000e-01
4.430854778e+00 3.999999e+00
4.432521436e+00 1.000000e-01
4.434188112e+00 3.999999e+00
4.435854770e+00 1.000000e-01
4.437521446e+00 3.999999e+00
4.439188105e+00 1.000000e-01
4.440854781e+00 3.999999e+00
4.442521439e+00 1.000000e-01
4.444188115e+00 3.999999e+00
4.445854773e+00 1.000000e-01
4.447521449e+00 3.999999e+00
4.449188108e+00 1.000000e-01
4.450854784e+00 3.999999e+00
4.452521442e+00 1.000000e-01
4.454188118e+00 3.999999e+00
4.455854776e+00 1.000000e-01
4.457521453e+00 3.999999e+00
4.459188111e+00 1.000000e-01
4.460854787e+00 3.999999e+00
4.462521445e+00 1.000000e-01
4.464188122e+00 3.999999e+00
4.465854780e+00 1.000000e-01
4.467521456e+00 3.999999e+00
4.469188114e+00 1.000000e-01
4.470854790e+00 3.999999e+00
4.472521449e+00 1.000000e-01
4.474188125e+00 3.999999e+00
4.475854783e+00 1.000000e-01
4.477521459e+00 3.999999e+00
4.479188117e+00 1.000000e-01
4.480854793e+00 3.999999e+00
4.482521452e+00 1.000000e-01
4.484188128e+00 3.999999e+00
4.485854786e+00 1.000000e-01
4.487521462e+00 3.999999e+00
4.489188121e+00 1.000000e-01
4.490854797e+00 3.999999e+00
4.492521455e+00 1.000000e-01
4.494188131e+00 3.999999e+00
4.495854789e+00 1.000000e-01
4.497521466e+00 3.999999e+00
4.499188124e+00 1.000000e-01
4.500854800e+00 3.999999e+00
4.502521458e+00 1.000000e-01
4.504188134e+00 3.999999e+00
4.505854793e+00 1.000000e-01
4.507521469e+00 3.999999e+00
4.509188127e+00 1.000000e-01
4.510854803e+00 3.999999e+00
4.512521461e+00 1.000000e-01
4.514188138e+00 3.999999e+00
4.515854796e+00 1.000000e-01
4.517521472e+00 3.999999e+00
4.519188130e+00 1.000000e-01
4.520854806e+00 3.999999e+00
4.522521465e+00 1.000000e-01
4.524188141e+00 3.999999e+00
4.525854799e+00 1.000000e-01
4.527521475e+00 3.999999e+00
4.529188133e+00 1.000000e-01
4.530854810e+00 3.999999e+00
4.532521468e+00 1.000000e-01
4.534188144e+00 3.999999e+00
4.535854802e+00 1.000000e-01
4.537521478e+00 3.999999e+00
4.539188136e+00 1.000000e-01
4.540854813e+00 3.999999e+00
4.542521471e+00 1.000000e-01
4.544188147e+00 3.999999e+00
4.545854805e+00 1.000000e-01
4.547521482e+00 3.999999e+00
4.549188140e+00 1.000000e-01
4.550854816e+00 3.999999e+00
4.552521474e+00 1.000000e-01
4.554188150e+00 3.999999e+00
4.555854809e+00 1.000000e-01
4.557521485e+00 3.999999e+00
4.559188143e+00 1.000000e-01
4.560854819e+00 3.999999e+00
4.562521477e+00 1.000000e-01
4.564188153e+00 3.999999e+00
4.565854812e+00 1.000000e-01
4.567521488e+00 3.999999e+00
4.569188146e+00 1.000000e-01
4.570854822e+00 3.999999e+00
4.572521480e+00 1.000000e-01
4.574188157e+00 3.999999e+00
4.575854815e+00 1.000000e-01
4.577521491e+00 3.999999e+00
4.579188149e+00 1.000000e-01
4.580854826e+00 3.999999e+00
4.582521484e+00 1.000000e-01
4.584188160e+00 3.999999e+00
4.585854818e+00 1.000000e-01
4.587521494e+00 3.999999e+00
4.589188153e+00 1.000000e-01
4.590854829e+00 3.999999e+00
4.592521487e+00 1.000000e-01
4.594188163e+00 3.999999e+00
4.595854821e+00 1.000000e-01
4.597521497e+00 3.999999e+00
4.599188156e+00 1.000000e-01
4.600854832e+00 3.999999e+00
4.602521490e+00 1.000000e-01
4.604188166e+00 3.999999e+00
4.605854825e+00 1.000000e-01
4.607521501e+00 3.999999e+00
4.609188159e+00 1.000000e-01
4.610854835e+00 3.999999e+00
4.612521493e+00 1.000000e-01
4.614188170e+00 3.999999e+00
4.615854828e+00 1.000000e-01
4.617521504e+00 3.999999e+00
4.619188162e+00 1.000000e-01
4.620854838e+00 3.999999e+00
4.622521497e+00 1.000000e-01
4.624188173e+00 3.999999e+00
4.625854831e+00 1.000000e-01
4.627521507e+00 3.999999e+00
4.629188165e+00 1.000000e-01
4.630854842e+00 3.999999e+00
4.632521500e+00 1.000000e-01
4.634188176e+00 3.999999e+00
4.635854834e+00 1.000000e-01
4.637521510e+00 3.999999e+00
4.639188169e+00 1.000000e-01
4.640854845e+00 3.999999e+00
4.642521503e+00 1.000000e-01
4.644188179e+00 3.999999e+00
4.645854837e+00 1.000000e-01
4.647521514e+00 3.999999e+00
4.649188172e+00 1.000000e-01
4.650854848e+00 3.999999e+00
4.652521506e+00 1.000000e-01
4.654188182e+00 3.999999e+00
4.655854840e+00 1.000000e-01
4.657521517e+00 3.999999e+00
4.659188175e+00 1.000000e-01
4.660854851e+00 3.999999e+00
4.662521509e+00 1.000000e-01
4.664188186e+00 3.999999e+00
4.665854844e+00 1.000000e-01
4.667521520e+00 3.999999e+00
4.669188178e+00 1.000000e-01
4.670854854e+00 3.999999e+00
4.672521513e+00 1.000000e-01
4.674188189e+00 3.999999e+00
4.675854847e+00 1.000000e-01
4.677521523e+00 3.999999e+00
4.679188181e+00 1.000000e-01
4.680854857e+00 3.999999e+00
4.682521516e+00 1.000000e-01
4.684188192e+00 3.999999e+00
4.685854850e+00 1.000000e-01
4.687521526e+00 3.999999e+00
4.689188184e+00 1.000000e-01
4.690854861e+00 3.999999e+00
4.692521519e+00 1.000000e-01
4.694188195e+00 3.999999e+00
4.695854853e+00 1.000000e-01
4.697521530e+00 3.999999e+00
4.699188188e+00 1.000000e-01
4.700854864e+00 3.999999e+00
4.702521522e+00 1.000000e-01
4.704188198e+00 3.999999e+00
4.705854857e+00 1.000000e-01
4.707521533e+00 3.999999e+00
4.709188191e+00 1.000000e-01
4.710854867e+00 3.999999e+00
4.712521525e+00 1.000000e-01
4.714188201e+00 3.999999e+00
4.715854860e+00 1.000000e-01
4.717521536e+00 3.999999e+00
4.719188194e+00 1.000000e-01
4.720854870e+00 3.999999e+00
4.722521528e+00 1.000000e-01
4.724188205e+00 3.999999e+00
4.725854863e+00 1.000000e-01
4.727521539e+00 3.999999e+00
4.729188197e+00 1.000000e-01
4.730854874e+00 3.999999e+00
4.732521532e+00 1.000000e-01
4.734188208e+00 3.999999e+00
4.735854866e+00 1.000000e-01
4.737521542e+00 3.999999e+00
4.739188201e+00 1.000000e-01
4.740854877e+00 3.999999e+00
4.742521535e+00 1.000000e-01
4.744188211e+00 3.999999e+00
4.745854869e+00 1.000000e-01
4.747521546e+00 3.999999e+00
4.749188204e+00 1.000000e-01
4.750854880e+00 3.999999e+00
4.752521538e+00 1.000000e-01
4.754188214e+00 3.999999e+00
4.755854873e+00 1.000000e-01
4.757521549e+00 3.999999e+00
4.759188207e+00 1.000000e-01
4.760854883e+00 3.999999e+00
4.762521541e+00 1.000000e-01
4.764188218e+00 3.999999e+00
4.765854876e+00 1.000000e-01
4.767521552e+00 3.999999e+00
4.769188210e+00 1.000000e-01
4.770854886e+00 3.999999e+00
4.772521544e+00 1.000000e-01
4.774188221e+00 3.999999e+00
4.775854879e+00 1.000000e-01
4.777521555e+00 3.999999e+00
4.779188213e+00 1.000000e-01
4.780854890e+00 3.999999e+00
4.782521548e+00 1.000000e-01
4.784188224e+00 3.999999e+00
4.785854882e+00 1.000000e-01
4.787521558e+00 3.999999e+00
4.789188217e+00 1.000000e-01
4.790854893e+00 3.999999e+00
4.792521551e+00 1.000000e-01
4.794188227e+00 3.999999e+00
4.795854885e+00 1.000000e-01
4.797521561e+00 3.999999e+00
4.799188220e+00 1.000000e-01
4.800854896e+00 3.999999e+00
4.802521554e+00 1.000000e-01
4.804188230e+00 3.999999e+00
4.805854888e+00 1.000000e-01
4.807521565e+00 3.999999e+00
4.809188223e+00 1.000000e-01
4.810854899e+00 3.999999e+00
4.812521557e+00 1.000000e-01
4.814188234e+00 3.999999e+00
4.815854892e+00 1.000000e-01
4.817521568e+00 3.999999e+00
4.819188226e+00 1.000000e-01
4.820854902e+00 3.999999e+00
4.822521561e+00 1.000000e-01
4.824188237e+00 3.999999e+00
4.825854895e+00 1.000000e-01
4.827521571e+00 3.999999e+00
4.829188229e+00 1.000000e-01
4.830854905e+00 3.999999e+00
4.832521564e+00 1.000000e-01
4.834188240e+00 3.999999e+00
4.835854898e+00 1.000000e-01
4.837521574e+00 3.999999e+00
4.839188232e+00 1.000000e-01
4.840854909e+00 3.999999e+00
4.842521567e+00 1.000000e-01
4.844188243e+00 3.999999e+00
4.845854901e+00 1.000000e-01
4.847521578e+00 3.999999e+00
4.849188236e+00 1.000000e-01
4.850854912e+00 3.999999e+00
4.852521570e+00 1.000000e-01
4.854188246e+00 3.999999e+00
4.855854905e+00 1.000000e-01
4.857521581e+00 3.999999e+00
4.859188239e+00 1.000000e-01
4.860854915e+00 3.999999e+00
4.862521573e+00 1.000000e-01
4.864188250e+00 3.999999e+00
4.865854908e+00 1.000000e-01
4.867521584e+00 3.999999e+00
4.869188242e+00 1.000000e-01
4.870854918e+00 3.999999e+00
4.872521577e+00 1.000000e-01
4.874188253e+00 3.999999e+00
4.875854911e+00 1.000000e-01
4.877521587e+00 3.999999e+00
4.879188245e+00 1.000000e-01
4.880854922e+00 3.999999e+00
4.882521580e+00 1.000000e-01
4.884188256e+00 3.999999e+00
4.885854914e+00 1.000000e-01
4.887521590e+00 3.999999e+00
4.889188249e+00 1.000000e-01
4.890854925e+00 3.999999e+00
4.892521583e+00 1.000000e-01
4.894188259e+00 3.999999e+00
4.895854917e+00 1.000000e-01
4.897521594e+00 3.999999e+00
4.899188252e+00 1.000000e-01
4.900854928e+00 3.999999e+00
4.902521586e+00 1.000000e-01
4.904188262e+00 3.999999e+00
4.905854921e+00 1.000000e-01
4.907521597e+00 3.999999e+00
4.909188255e+00 1.000000e-01
4.910854931e+00 3.999999e+00
4.912521589e+00 1.000000e-01
4.914188265e+00 3.999999e+00
4.915854924e+00 1.000000e-01
4.917521600e+00 3.999999e+00
4.919188258e+00 1.000000e-01
4.920854934e+00 3.999999e+00
4.922521592e+00 1.000000e-01
4.924188269e+00 3.999999e+00
4.925854927e+00 1.000000e-01
4.927521603e+00 3.999999e+00
4.929188261e+00 1.000000e-01
4.930854938e+00 3.999999e+00
4.932521596e+00 1.000000e-01
4.934188272e+00 3.999999e+00
4.935854930e+00 1.000000e-01
4.937521606e+00 3.999999e+00
4.939188265e+00 1.000000e-01
4.940854941e+00 3.999999e+00
4.942521599e+00 1.000000e-01
4.944188275e+00 3.999999e+00
4.945854933e+00 1.000000e-01
4.947521609e+00 3.999999e+00
4.949188268e+00 1.000000e-01
4.950854944e+00 3.999999e+00
4.952521602e+00 1.000000e-01
4.954188278e+00 3.999999e+00
4.955854936e+00 1.000000e-01
4.957521613e+00 3.999999e+00
4.959188271e+00 1.000000e-01
4.960854947e+00 3.999999e+00
4.962521605e+00 1.000000e-01
4.964188282e+00 3.999999e+00
4.965854940e+00 1.000000e-01
4.967521616e+00 3.999999e+00
4.969188274e+00 1.000000e-01
4.970854950e+00 3.999999e+00
4.972521609e+00 1.000000e-01
4.974188285e+00 3.999999e+00
4.975854943e+00 1.000000e-01
4.977521619e+00 3.999999e+00
4.979188277e+00 1.000000e-01
4.980854953e+00 3.999999e+00
4.982521612e+00 1.000000e-01
4.984188288e+00 3.999999e+00
4.985854946e+00 1.000000e-01
4.987521622e+00 3.999999e+00
4.989188281e+00 1.000000e-01
4.990854957e+00 3.999999e+00
4.992521615e+00 1.000000e-01
4.994188291e+00 3.999999e+00
4.995854949e+00 1.000000e-01
4.997521626e+00 3.999999e+00
4.999188284e+00 1.000000e-01
5.000854960e+00 3.999999e+00
5.002521618e+00 1.000000e-01
5.004188294e+00 3.999999e+00
5.005854953e+00 1.000000e-01
5.007521629e+00 3.999999e+00
5.009188287e+00 1.000000e-01
5.010854963e+00 3.999999e+00
5.012521621e+00 1.000000e-01
5.014188298e+00 3.999999e+00
5.015854956e+00 1.000000e-01
5.017521632e+00 3.999999e+00
5.019188290e+00 1.000000e-01
5.020854966e+00 3.999999e+00
5.022521625e+00 1.000000e-01
5.024188301e+00 3.999999e+00
5.025854959e+00 1.000000e-01
5.027521635e+00 3.999999e+00
5.029188293e+00 1.000000e-01
5.030854969e+00 3.999999e+00
5.032521628e+00 1.000000e-01
5.034188304e+00 3.999999e+00
5.035854962e+00 1.000000e-01
5.037521638e+00 3.999999e+00
5.039188296e+00 1.000000e-01
5.040854973e+00 3.999999e+00
5.042521631e+00 1.000000e-01
5.044188307e+00 3.999999e+00
5.045854965e+00 1.000000e-01
5.047521642e+00 3.999999e+00
5.049188300e+00 1.000000e-01
5.050854976e+00 3.999999e+00
5.052521634e+00 1.000000e-01
5.054188310e+00 3.999999e+00
5.055854969e+00 1.000000e-01
5.057521645e+00 3.999999e+00
5.059188303e+00 1.000000e-01
5.060854979e+00 3.999999e+00
5.062521637e+00 1.000000e-01
5.064188313e+00 3.999999e+00
5.065854972e+00 1.000000e-01
5.067521648e+00 3.999999e+00
5.069188306e+00 1.000000e-01
5.070854982e+00 3.999999e+00
5.072521640e+00 1.000000e-01
5.074188317e+00 3.999999e+00
5.075854975e+00 1.000000e-01
5.077521651e+00 3.999999e+00
5.079188309e+00 1.000000e-01
5.080854986e+00 3.999999e+00
5.082521644e+00 1.000000e-01
5.084188320e+00 3.999999e+00
5.085854978e+00 1.000000e-01
5.087521654e+00 3.999999e+00
5.089188313e+00 1.000000e-01
5.090854989e+00 3.999999e+00
5.092521647e+00 1.000000e-01
5.094188323e+00 3.999999e+00
5.095854981e+00 1.000000e-01
5.097521657e+00 3.999999e+00
5.099188316e+00 1.000000e-01
5.100854992e+00 3.999999e+00
5.102521650e+00 1.000000e-01
5.104188326e+00 3.999999e+00
5.105854985e+00 1.000000e-01
5.107521661e+00 3.999999e+00
5.109188319e+00 1.000000e-01
5.110854995e+00 3.999999e+00
5.112521653e+00 1.000000e-01
5.114188330e+00 3.999999e+00
5.115854988e+00 1.000000e-01
5.117521664e+00 3.999999e+00
5.119188322e+00 1.000000e-01
5.120854998e+00 3.999999e+00
5.122521657e+00 1.000000e-01
5.124188333e+00 3.999999e+00
5.125854991e+00 1.000000e-01
5.127521667e+00 3.999999e+00
5.129188325e+00 1.000000e-01
5.130855002e+00 3.999999e+00
5.132521660e+00 1.000000e-01
5.134188336e+00 3.999999e+00
5.135854994e+00 1.000000e-01
5.137521670e+00 3.999999e+00
5.139188329e+00 1.000000e-01
5.140855005e+00 3.999999e+00
5.142521663e+00 1.000000e-01
5.144188339e+00 3.999999e+00
5.145854997e+00 1.000000e-01
5.147521674e+00 3.999999e+00
5.149188332e+00 1.000000e-01
5.150855008e+00 3.999999e+00
5.152521666e+00 1.000000e-01
5.154188342e+00 3.999999e+00
5.155855000e+00 1.000000e-01
5.157521677e+00 3.999999e+00
5.159188335e+00 1.000000e-01
5.160855011e+00 3.999999e+00
5.162521669e+00 1.000000e-01
5.164188346e+00 3.999999e+00
5.165855004e+00 1.000000e-01
5.167521680e+00 3.999999e+00
5.169188338e+00 1.000000e-01
5.170855014e+00 3.999999e+00
5.172521673e+00 1.000000e-01
5.174188349e+00 3.999999e+00
5.175855007e+00 1.000000e-01
5.177521683e+00 3.999999e+00
5.179188341e+00 1.000000e-01
5.180855017e+00 3.999999e+00
5.182521676e+00 1.000000e-01
5.184188352e+00 3.999999e+00
5.185855010e+00 1.000000e-01
5.187521686e+00 3.999999e+00
5.189188344e+00 1.000000e-01
5.190855021e+00 3.999999e+00
5.192521679e+00 1.000000e-01
5.194188355e+00 3.999999e+00
5.195855013e+00 1.000000e-01
5.197521690e+00 3.999999e+00
5.199188348e+00 1.000000e-01
5.200855024e+00 3.999999e+00
5.202521682e+00 1.000000e-01
5.204188358e+00 3.999999e+00
5.205855017e+00 1.000000e-01
5.207521693e+00 3.999999e+00
5.209188351e+00 1.000000e-01
5.210855027e+00 3.999999e+00
5.212521685e+00 1.000000e-01
5.214188361e+00 3.999999e+00
5.215855020e+00 1.000000e-01
5.217521696e+00 3.999999e+00
5.219188354e+00 1.000000e-01
5.220855030e+00 3.999999e+00
5.222521689e+00 1.000000e-01
5.224188365e+00 3.999999e+00
5.225855023e+00 1.000000e-01
5.227521699e+00 3.999999e+00
5.229188357e+00 1.000000e-01
5.230855034e+00 3.999999e+00
5.232521692e+00 1.000000e-01
5.234188368e+00 3.999999e+00
5.235855026e+00 1.000000e-01
5.237521702e+00 3.999999e+00
5.239188361e+00 1.000000e-01
5.240855037e+00 3.999999e+00
5.242521695e+00 1.000000e-01
5.244188371e+00 3.999999e+00
5.245855029e+00 1.000000e-01
5.247521706e+00 3.999999e+00
5.249188364e+00 1.000000e-01
5.250855040e+00 3.999999e+00
5.252521698e+00 1.000000e-01
5.254188374e+00 3.999999e+00
5.255855033e+00 1.000000e-01
5.257521709e+00 3.999999e+00
5.259188367e+00 1.000000e-01
5.260855043e+00 3.999999e+00
5.262521701e+00 1.000000e-01
5.264188378e+00 3.999999e+00
5.265855036e+00 1.000000e-01
5.267521712e+00 3.999999e+00
5.269188370e+00 1.000000e-01
5.270855046e+00 3.999999e+00
5.272521704e+00 1.000000e-01
5.274188381e+00 3.999999e+00
5.275855039e+00 1.000000e-01
5.277521715e+00 3.999999e+00
5.279188373e+00 1.000000e-01
5.280855050e+00 3.999999e+00
5.282521708e+00 1.000000e-01
5.284188384e+00 3.999999e+00
5.285855042e+00 1.000000e-01
5.287521718e+00 3.999999e+00
5.289188377e+00 1.000000e-01
5.290855053e+00 3.999999e+00
5.292521711e+00 1.000000e-01
5.294188387e+00 3.999999e+00
5.295855045e+00 1.000000e-01
5.297521721e+00 3.999999e+00
5.299188380e+00 1.000000e-01
5.300855056e+00 3.999999e+00
5.302521714e+00 1.000000e-01
5.304188390e+00 3.999999e+00
5.305855048e+00 1.000000e-01
5.307521725e+00 3.999999e+00
5.309188383e+00 1.000000e-01
5.310855059e+00 3.999999e+00
5.312521717e+00 1.000000e-01
5.314188394e+00 3.999999e+00
5.315855052e+00 1.000000e-01
5.317521728e+00 3.999999e+00
5.319188386e+00 1.000000e-01
5.320855062e+00 3.999999e+00
5.322521721e+00 1.000000e-01
5.324188397e+00 3.999999e+00
5.325855055e+00 1.000000e-01
5.327521731e+00 3.999999e+00
5.329188389e+00 1.000000e-01
5.330855065e+00 3.999999e+00
5.332521724e+00 1.000000e-01
5.334188400e+00 3.999999e+00
5.335855058e+00 1.000000e-01
5.337521734e+00 3.999999e+00
5.339188393e+00 1.000000e-01
5.340855069e+00 3.999999e+00
5.342521727e+00 1.000000e-01
5.344188403e+00 3.999999e+00
5.345855061e+00 1.000000e-01
5.347521738e+00 3.999999e+00
5.349188396e+00 1.000000e-01
5.350855072e+00 3.999999e+00
5.352521730e+00 1.000000e-01
5.354188406e+00 3.999999e+00
5.355855065e+00 1.000000e-01
5.357521741e+00 3.999999e+00
5.359188399e+00 1.000000e-01
5.360855075e+00 3.999999e+00
5.362521733e+00 1.000000e-01
5.364188410e+00 3.999999e+00
5.365855068e+00 1.000000e-01
5.367521744e+00 3.999999e+00
5.369188402e+00 1.000000e-01
5.370855078e+00 3.999999e+00
5.372521737e+00 1.000000e-01
5.374188413e+00 3.999999e+00
5.375855071e+00 1.000000e-01
5.377521747e+00 3.999999e+00
5.379188405e+00 1.000000e-01
5.380855082e+00 3.999999e+00
5.382521740e+00 1.000000e-01
5.384188416e+00 3.999999e+00
5.385855074e+00 1.000000e-01
5.387521750e+00 3.999999e+00
5.389188408e+00 1.000000e-01
5.390855085e+00 3.999999e+00
5.392521743e+00 1.000000e-01
5.394188419e+00 3.999999e+00
5.395855077e+00 1.000000e-01
5.397521754e+00 3.999999e+00
5.399188412e+00 1.000000e-01
5.400855088e+00 3.999999e+00
5.402521746e+00 1.000000e-01
5.404188422e+00 3.999999e+00
5.405855081e+00 1.000000e-01
5.407521757e+00 3.999999e+00
5.409188415e+00 1.000000e-01
5.410855091e+00 3.999999e+00
5.412521749e+00 1.000000e-01
5.414188425e+00 3.999999e+00
5.415855084e+00 1.000000e-01
5.417521760e+00 3.999999e+00
5.419188418e+00 1.000000e-01
5.420855094e+00 3.999999e+00
5.422521752e+00 1.000000e-01
5.424188429e+00 3.999999e+00
5.425855087e+00 1.000000e-01
5.427521763e+00 3.999999e+00
5.429188421e+00 1.000000e-01
5.430855098e+00 3.999999e+00
5.432521756e+00 1.000000e-01
5.434188432e+00 3.999999e+00
5.435855090e+00 1.000000e-01
5.437521766e+00 3.999999e+00
5.439188425e+00 1.000000e-01
5.440855101e+00 3.999999e+00
5.442521759e+00 1.000000e-01
5.444188435e+00 3.999999e+00
5.445855093e+00 1.000000e-01
5.447521769e+00 3.999999e+00
5.449188428e+00 1.000000e-01
5.450855104e+00 3.999999e+00
5.452521762e+00 1.000000e-01
5.454188438e+00 3.999999e+00
5.455855097e+00 1.000000e-01
5.457521773e+00 3.999999e+00
5.459188431e+00 1.000000e-01
5.460855107e+00 3.999999e+00
5.462521765e+00 1.000000e-01
5.464188442e+00 3.999999e+00
5.465855100e+00 1.000000e-01
5.467521776e+00 3.999999e+00
5.469188434e+00 1.000000e-01
5.470855110e+00 3.999999e+00
5.472521769e+00 1.000000e-01
5.474188445e+00 3.999999e+00
5.475855103e+00 1.000000e-01
5.477521779e+00 3.999999e+00
5.479188437e+00 1.000000e-01
5.480855114e+00 3.999999e+00
5.482521772e+00 1.000000e-01
5.484188448e+00 3.999999e+00
5.485855106e+00 1.000000e-01
5.487521782e+00 3.999999e+00
5.489188441e+00 1.000000e-01
5.490855117e+00 3.999999e+00
5.492521775e+00 1.000000e-01
5.494188451e+00 3.999999e+00
5.495855109e+00 1.000000e-01
5.497521786e+00 3.999999e+00
5.499188444e+00 1.000000e-01
5.500855120e+00 3.999999e+00
5.502521778e+00 1.000000e-01
5.504188454e+00 3.999999e+00
5.505855112e+00 1.000000e-01
5.507521789e+00 3.999999e+00
5.509188447e+00 1.000000e-01
5.510855123e+00 3.999999e+00
5.512521781e+00 1.000000e-01
5.514188458e+00 3.999999e+00
5.515855116e+00 1.000000e-01
5.517521792e+00 3.999999e+00
5.519188450e+00 1.000000e-01
5.520855126e+00 3.999999e+00
5.522521785e+00 1.000000e-01
5.524188461e+00 3.999999e+00
5.525855119e+00 1.000000e-01
5.527521795e+00 3.999999e+00
5.529188453e+00 1.000000e-01
5.530855129e+00 3.999999e+00
5.532521788e+00 1.000000e-01
5.534188464e+00 3.999999e+00
5.535855122e+00 1.000000e-01
5.537521798e+00 3.999999e+00
5.539188456e+00 1.000000e-01
5.540855133e+00 3.999999e+00
5.542521791e+00 1.000000e-01
5.544188467e+00 3.999999e+00
5.545855125e+00 1.000000e-01
5.547521802e+00 3.999999e+00
5.549188460e+00 1.000000e-01
5.550855136e+00 3.999999e+00
5.552521794e+00 1.000000e-01
5.554188470e+00 3.999999e+00
5.555855129e+00 1.000000e-01
5.557521805e+00 3.999999e+00
5.559188463e+00 1.000000e-01
5.560855139e+00 3.999999e+00
5.562521797e+00 1.000000e-01
5.564188473e+00 3.999999e+00
5.565855132e+00 1.000000e-01
5.567521808e+00 3.999999e+00
5.569188466e+00 1.000000e-01
5.570855142e+00 3.999999e+00
5.572521801e+00 1.000000e-01
5.574188477e+00 3.999999e+00
5.575855135e+00 1.000000e-01
5.577521811e+00 3.999999e+00
5.579188469e+00 1.000000e-01
5.580855146e+00 3.999999e+00
5.582521804e+00 1.000000e-01
5.584188480e+00 3.999999e+00
5.585855138e+00 1.000000e-01
5.587521814e+00 3.999999e+00
5.589188473e+00 1.000000e-01
5.590855149e+00 3.999999e+00
5.592521807e+00 1.000000e-01
5.594188483e+00 3.999999e+00
5.595855141e+00 1.000000e-01
5.597521818e+00 3.999999e+00
5.599188476e+00 1.000000e-01
5.600855152e+00 3.999999e+00
5.602521810e+00 1.000000e-01
5.604188486e+00 3.999999e+00
5.605855145e+00 1.000000e-01
5.607521821e+00 3.999999e+00
5.609188479e+00 1.000000e-01
5.610855155e+00 3.999999e+00
5.612521813e+00 1.000000e-01
5.614188490e+00 3.999999e+00
5.615855148e+00 1.000000e-01
5.617521824e+00 3.999999e+00
5.619188482e+00 1.000000e-01
5.620855158e+00 3.999999e+00
5.622521816e+00 1.000000e-01
5.624188493e+00 3.999999e+00
5.625855151e+00 1.000000e-01
5.627521827e+00 3.999999e+00
5.629188485e+00 1.000000e-01
5.630855162e+00 3.999999e+00
5.632521820e+00 1.000000e-01
5.634188496e+00 3.999999e+00
5.635855154e+00 1.000000e-01
5.637521830e+00 3.999999e+00
5.639188489e+00 1.000000e-01
5.640855165e+00 3.999999e+00
5.642521823e+00 1.000000e-01
5.644188499e+00 3.999999e+00
5.645855157e+00 1.000000e-01
5.647521833e+00 3.999999e+00
5.649188492e+00 1.000000e-01
5.650855168e+00 3.999999e+00
5.652521826e+00 1.000000e-01
5.654188502e+00 3.999999e+00
5.655855160e+00 1.000000e-01
5.657521837e+00 3.999999e+00
5.659188495e+00 1.000000e-01
5.660855171e+00 3.999999e+00
5.662521829e+00 1.000000e-01
5.664188506e+00 3.999999e+00
5.665855164e+00 1.000000e-01
5.667521840e+00 3.999999e+00
5.669188498e+00 1.000000e-01
5.670855174e+00 3.999999e+00
5.672521833e+00 1.000000e-01
5.674188509e+00 3.999999e+00
5.675855167e+00 1.000000e-01
5.677521843e+00 3.999999e+00
5.679188501e+00 1.000000e-01
5.680855177e+00 3.999999e+00
5.682521836e+00 1.000000e-01
5.684188512e+00 3.999999e+00
5.685855170e+00 1.000000e-01
5.687521846e+00 3.999999e+00
5.689188505e+00 1.000000e-01
5.690855181e+00 3.999999e+00
5.692521839e+00 1.000000e-01
5.694188515e+00 3.999999e+00
5.695855173e+00 1.000000e-01
5.697521850e+00 3.999999e+00
5.699188508e+00 1.000000e-01
5.700855184e+00 3.999999e+00
5.702521842e+00 1.000000e-01
5.704188518e+00 3.999999e+00
5.705855177e+00 1.000000e-01
5.707521853e+00 3.999999e+00
5.709188511e+00 1.000000e-01
5.710855187e+00 3.999999e+00
5.712521845e+00 1.000000e-01
5.714188522e+00 3.999999e+00
5.715855180e+00 1.000000e-01
5.717521856e+00 3.999999e+00
5.719188514e+00 1.000000e-01
5.720855190e+00 3.999999e+00
5.722521849e+00 1.000000e-01
5.724188525e+00 3.999999e+00
5.725855183e+00 1.000000e-01
5.727521859e+00 3.999999e+00
5.729188517e+00 1.000000e-01
5.730855194e+00 3.999999e+00
5.732521852e+00 1.000000e-01
5.734188528e+00 3.999999e+00
5.735855186e+00 1.000000e-01
5.737521862e+00 3.999999e+00
5.739188520e+00 1.000000e-01
5.740855197e+00 3.999999e+00
5.742521855e+00 1.000000e-01
5.744188531e+00 3.999999e+00
5.745855189e+00 1.000000e-01
5.747521866e+00 3.999999e+00
5.749188524e+00 1.000000e-01
5.750855200e+00 3.999999e+00
5.752521858e+00 1.000000e-01
5.754188534e+00 3.999999e+00
5.755855193e+00 1.000000e-01
5.757521869e+00 3.999999e+00
5.759188527e+00 1.000000e-01
5.760855203e+00 3.999999e+00
5.762521861e+00 1.000000e-01
5.764188537e+00 3.999999e+00
5.765855196e+00 1.000000e-01
5.767521872e+00 3.999999e+00
5.769188530e+00 1.000000e-01
5.770855206e+00 3.999999e+00
5.772521864e+00 1.000000e-01
5.774188541e+00 3.999999e+00
5.775855199e+00 1.000000e-01
5.777521875e+00 3.999999e+00
5.779188533e+00 1.000000e-01
5.780855210e+00 3.999999e+00
5.782521868e+00 1.000000e-01
5.784188544e+00 3.999999e+00
5.785855202e+00 1.000000e-01
5.787521878e+00 3.999999e+00
5.789188537e+00 1.000000e-01
5.790855213e+00 3.999999e+00
5.792521871e+00 1.000000e-01
5.794188547e+00 3.999999e+00
5.795855205e+00 1.000000e-01
5.797521881e+00 3.999999e+00
5.799188540e+00 1.000000e-01
5.800855216e+00 3.999999e+00
5.802521874e+00 1.000000e-01
5.804188550e+00 3.999999e+00
5.805855209e+00 1.000000e-01
5.807521885e+00 3.999999e+00
5.809188543e+00 1.000000e-01
5.810855219e+00 3.999999e+00
5.812521877e+00 1.000000e-01
5.814188554e+00 3.999999e+00
5.815855212e+00 1.000000e-01
5.817521888e+00 3.999999e+00
5.819188546e+00 1.000000e-01
5.820855222e+00 3.999999e+00
5.822521881e+00 1.000000e-01
5.824188557e+00 3.999999e+00
5.825855215e+00 1.000000e-01
5.827521891e+00 3.999999e+00
5.829188549e+00 1.000000e-01
5.830855226e+00 3.999999e+00
5.832521884e+00 1.000000e-01
5.834188560e+00 3.999999e+00
5.835855218e+00 1.000000e-01
5.837521894e+00 3.999999e+00
5.839188553e+00 1.000000e-01
5.840855229e+00 3.999999e+00
5.842521887e+00 1.000000e-01
5.844188563e+00 3.999999e+00
5.845855221e+00 1.000000e-01
5.847521898e+00 3.999999e+00
5.849188556e+00 1.000000e-01
5.850855232e+00 3.999999e+00
5.852521890e+00 1.000000e-01
5.854188566e+00 3.999999e+00
5.855855224e+00 1.000000e-01
5.857521901e+00 3.999999e+00
5.859188559e+00 1.000000e-01
5.860855235e+00 3.999999e+00
5.862521893e+00 1.000000e-01
5.864188570e+00 3.999999e+00
5.865855228e+00 1.000000e-01
5.867521904e+00 3.999999e+00
5.869188562e+00 1.000000e-01
5.870855238e+00 3.999999e+00
5.872521897e+00 1.000000e-01
5.874188573e+00 3.999999e+00
5.875855231e+00 1.000000e-01
5.877521907e+00 3.999999e+00
5.879188565e+00 1.000000e-01
5.880855241e+00 3.999999e+00
5.882521900e+00 1.000000e-01
5.884188576e+00 3.999999e+00
5.885855234e+00 1.000000e-01
5.887521910e+00 3.999999e+00
5.889188568e+00 1.000000e-01
5.890855245e+00 3.999999e+00
5.892521903e+00 1.000000e-01
5.894188579e+00 3.999999e+00
5.895855237e+00 1.000000e-01
5.897521914e+00 3.999999e+00
5.899188572e+00 1.000000e-01
5.900855248e+00 3.999999e+00
5.902521906e+00 1.000000e-01
5.904188582e+00 3.999999e+00
5.905855241e+00 1.000000e-01
5.907521917e+00 3.999999e+00
5.909188575e+00 1.000000e-01
5.910855251e+00 3.999999e+00
5.912521909e+00 1.000000e-01
5.914188585e+00 3.999999e+00
5.915855244e+00 1.000000e-01
5.917521920e+00 3.999999e+00
5.919188578e+00 1.000000e-01
5.920855254e+00 3.999999e+00
5.922521913e+00 1.000000e-01
5.924188589e+00 3.999999e+00
5.925855247e+00 1.000000e-01
5.927521923e+00 3.999999e+00
5.929188581e+00 1.000000e-01
5.930855258e+00 3.999999e+00
5.932521916e+00 1.000000e-01
5.934188592e+00 3.999999e+00
5.935855250e+00 1.000000e-01
5.937521926e+00 3.999999e+00
5.939188585e+00 1.000000e-01
5.940855261e+00 3.999999e+00
5.942521919e+00 1.000000e-01
5.944188595e+00 3.999999e+00
5.945855253e+00 1.000000e-01
5.947521930e+00 3.999999e+00
5.949188588e+00 1.000000e-01
5.950855264e+00 3.999999e+00
5.952521922e+00 1.000000e-01
5.954188598e+00 3.999999e+00
5.955855257e+00 1.000000e-01
5.957521933e+00 3.999999e+00
5.959188591e+00 1.000000e-01
5.960855267e+00 3.999999e+00
5.962521925e+00 1.000000e-01
5.964188602e+00 3.999999e+00
5.965855260e+00 1.000000e-01
5.967521936e+00 3.999999e+00
5.969188594e+00 1.000000e-01
5.970855270e+00 3.999999e+00
5.972521928e+00 1.000000e-01
5.974188605e+00 3.999999e+00
5.975855263e+00 1.000000e-01
5.977521939e+00 3.999999e+00
5.979188597e+00 1.000000e-01
5.980855274e+00 3.999999e+00
5.982521932e+00 1.000000e-01
5.984188608e+00 3.999999e+00
5.985855266e+00 1.000000e-01
5.987521942e+00 3.999999e+00
5.989188601e+00 1.000000e-01
5.990855277e+00 3.999999e+00
5.992521935e+00 1.000000e-01
5.994188611e+00 3.999999e+00
5.995855269e+00 1.000000e-01
5.997521945e+00 3.999999e+00
5.999188604e+00 1.000000e-01
6.000855280e+00 3.999999e+00
6.002521938e+00 1.000000e-01
6.004188614e+00 3.999999e+00
6.005855272e+00 1.000000e-01
6.007521949e+00 3.999999e+00
6.009188607e+00 1.000000e-01
6.010855283e+00 3.999999e+00
6.012521941e+00 1.000000e-01
6.014188618e+00 3.999999e+00
6.015855276e+00 1.000000e-01
6.017521952e+00 3.999999e+00
6.019188610e+00 1.000000e-01
6.020855286e+00 3.999999e+00
6.022521945e+00 1.000000e-01
6.024188621e+00 3.999999e+00
6.025855279e+00 1.000000e-01
6.027521955e+00 3.999999e+00
6.029188613e+00 1.000000e-01
6.030855289e+00 3.999999e+00
6.032521948e+00 1.000000e-01
6.034188624e+00 3.999999e+00
6.035855282e+00 1.000000e-01
6.037521958e+00 3.999999e+00
6.039188617e+00 1.000000e-01
6.040855293e+00 3.999999e+00
6.042521951e+00 1.000000e-01
6.044188627e+00 3.999999e+00
6.045855285e+00 1.000000e-01
6.047521962e+00 3.999999e+00
6.049188620e+00 1.000000e-01
6.050855296e+00 3.999999e+00
6.052521954e+00 1.000000e-01
6.054188630e+00 3.999999e+00
6.055855289e+00 1.000000e-01
6.057521965e+00 3.999999e+00
6.059188623e+00 1.000000e-01
6.060855299e+00 3.999999e+00
6.062521957e+00 1.000000e-01
6.064188634e+00 3.999999e+00
6.065855292e+00 1.000000e-01
6.067521968e+00 3.999999e+00
6.069188626e+00 1.000000e-01
6.070855302e+00 3.999999e+00
6.072521961e+00 1.000000e-01
6.074188637e+00 3.999999e+00
6.075855295e+00 1.000000e-01
6.077521971e+00 3.999999e+00
6.079188629e+00 1.000000e-01
6.080855306e+00 3.999999e+00
6.082521964e+00 1.000000e-01
6.084188640e+00 3.999999e+00
6.085855298e+00 1.000000e-01
6.087521974e+00 3.999999e+00
6.089188632e+00 1.000000e-01
6.090855309e+00 3.999999e+00
6.092521967e+00 1.000000e-01
6.094188643e+00 3.999999e+00
6.095855301e+00 1.000000e-01
6.097521978e+00 3.999999e+00
6.099188636e+00 1.000000e-01
6.100855312e+00 3.999999e+00
6.102521970e+00 1.000000e-01
6.104188646e+00 3.999999e+00
6.105855305e+00 1.000000e-01
6.107521981e+00 3.999999e+00
6.109188639e+00 1.000000e-01
6.110855315e+00 3.999999e+00
6.112521973e+00 1.000000e-01
6.114188649e+00 3.999999e+00
6.115855308e+00 1.000000e-01
6.117521984e+00 3.999999e+00
6.119188642e+00 1.000000e-01
6.120855318e+00 3.999999e+00
6.122521976e+00 1.000000e-01
6.124188653e+00 3.999999e+00
6.125855311e+00 1.000000e-01
6.127521987e+00 3.999999e+00
6.129188645e+00 1.000000e-01
6.130855322e+00 3.999999e+00
6.132521980e+00 1.000000e-01
6.134188656e+00 3.999999e+00
6.135855314e+00 1.000000e-01
6.137521990e+00 3.999999e+00
6.139188649e+00 1.000000e-01
6.140855325e+00 3.999999e+00
6.142521983e+00 1.000000e-01
6.144188659e+00 3.999999e+00
6.145855317e+00 1.000000e-01
6.147521993e+00 3.999999e+00
6.149188652e+00 1.000000e-01
6.150855328e+00 3.999999e+00
6.152521986e+00 1.000000e-01
6.154188662e+00 3.999999e+00
6.155855321e+00 1.000000e-01
6.157521997e+00 3.999999e+00
6.159188655e+00 1.000000e-01
6.160855331e+00 3.999999e+00
6.162521989e+00 1.000000e-01
6.164188666e+00 3.999999e+00
6.165855324e+00 1.000000e-01
6.167522000e+00 3.999999e+00
6.169188658e+00 1.000000e-01
6.170855334e+00 3.999999e+00
6.172521993e+00 1.000000e-01
6.174188669e+00 3.999999e+00
6.175855327e+00 1.000000e-01
6.177522003e+00 3.999999e+00
6.179188661e+00 1.000000e-01
6.180855338e+00 3.999999e+00
6.182521996e+00 1.000000e-01
6.184188672e+00 3.999999e+00
6.185855330e+00 1.000000e-01
6.187522006e+00 3.999999e+00
6.189188665e+00 1.000000e-01
6.190855341e+00 3.999999e+00
6.192521999e+00 1.000000e-01
6.194188675e+00 3.999999e+00
6.195855333e+00 1.000000e-01
6.197522010e+00 3.999999e+00
6.199188668e+00 1.000000e-01
6.200855344e+00 3.999999e+00
6.202522002e+00 1.000000e-01
6.204188678e+00 3.999999e+00
6.205855336e+00 1.000000e-01
6.207522013e+00 3.999999e+00
6.209188671e+00 1.000000e-01
6.210855347e+00 3.999999e+00
6.212522005e+00 1.000000e-01
6.214188682e+00 3.999999e+00
6.215855340e+00 1.000000e-01
6.217522016e+00 3.999999e+00
6.219188674e+00 1.000000e-01
6.220855350e+00 3.999999e+00
6.222522009e+00 1.000000e-01
6.224188685e+00 3.999999e+00
6.225855343e+00 1.000000e-01
6.227522019e+00 3.999999e+00
6.229188677e+00 1.000000e-01
6.230855353e+00 3.999999e+00
6.232522012e+00 1.000000e-01
6.234188688e+00 3.999999e+00
6.235855346e+00 1.000000e-01
6.237522022e+00 3.999999e+00
6.239188680e+00 1.000000e-01
6.240855357e+00 3.999999e+00
6.242522015e+00 1.000000e-01
6.244188691e+00 3.999999e+00
6.245855349e+00 1.000000e-01
6.247522026e+00 3.999999e+00
6.249188684e+00 1.000000e-01
6.250855360e+00 3.999999e+00
6.252522018e+00 1.000000e-01
6.254188694e+00 3.999999e+00
6.255855353e+00 1.000000e-01
6.257522029e+00 3.999999e+00
6.259188687e+00 1.000000e-01
6.260855363e+00 3.999999e+00
6.262522021e+00 1.000000e-01
6.264188697e+00 3.999999e+00
6.265855356e+00 1.000000e-01
6.267522032e+00 3.999999e+00
6.269188690e+00 1.000000e-01
6.270855366e+00 3.999999e+00
6.272522025e+00 1.000000e-01
6.274188701e+00 3.999999e+00
6.275855359e+00 1.000000e-01
6.277522035e+00 3.999999e+00
6.279188693e+00 1.000000e-01
6.280855370e+00 3.999999e+00
6.282522028e+00 1.000000e-01
6.284188704e+00 3.999999e+00
6.285855362e+00 1.000000e-01
6.287522038e+00 3.999999e+00
6.289188697e+00 1.000000e-01
6.290855373e+00 3.999999e+00
6.292522031e+00 1.000000e-01
6.294188707e+00 3.999999e+00
6.295855365e+00 1.000000e-01
6.297522042e+00 3.999999e+00
6.299188700e+00 1.000000e-01
6.300855376e+00 3.999999e+00
6.302522034e+00 1.000000e-01
6.304188710e+00 3.999999e+00
6.305855369e+00 1.000000e-01
6.307522045e+00 3.999999e+00
6.309188703e+00 1.000000e-01
6.310855379e+00 3.999999e+00
6.312522037e+00 1.000000e-01
6.314188714e+00 3.999999e+00
6.315855372e+00 1.000000e-01
6.317522048e+00 3.999999e+00
6.319188706e+00 1.000000e-01
6.320855382e+00 3.999999e+00
6.322522040e+00 1.000000e-01
6.324188717e+00 3.999999e+00
6.325855375e+00 1.000000e-01
6.327522051e+00 3.999999e+00
6.329188709e+00 1.000000e-01
6.330855386e+00 3.999999e+00
6.332522044e+00 1.000000e-01
6.334188720e+00 3.999999e+00
6.335855378e+00 1.000000e-01
6.337522054e+00 3.999999e+00
6.339188713e+00 1.000000e-01
6.340855389e+00 3.999999e+00
6.342522047e+00 1.000000e-01
6.344188723e+00 3.999999e+00
6.345855381e+00 1.000000e-01
6.347522057e+00 3.999999e+00
6.349188716e+00 1.000000e-01
6.350855392e+00 3.999999e+00
6.352522050e+00 1.000000e-01
6.354188726e+00 3.999999e+00
6.355855384e+00 1.000000e-01
6.357522061e+00 3.999999e+00
6.359188719e+00 1.000000e-01
6.360855395e+00 3.999999e+00
6.362522053e+00 1.000000e-01
6.364188730e+00 3.999999e+00
6.365855388e+00 1.000000e-01
6.367522064e+00 3.999999e+00
6.369188722e+00 1.000000e-01
6.370855398e+00 3.999999e+00
6.372522057e+00 1.000000e-01
6.374188733e+00 3.999999e+00
6.375855391e+00 1.000000e-01
6.377522067e+00 3.999999e+00
6.379188725e+00 1.000000e-01
6.380855401e+00 3.999999e+00
6.382522060e+00 1.000000e-01
6.384188736e+00 3.999999e+00
6.385855394e+00 1.000000e-01
6.387522070e+00 3.999999e+00
6.389188729e+00 1.000000e-01
6.390855405e+00 3.999999e+00
6.392522063e+00 1.000000e-01
6.394188739e+00 3.999999e+00
6.395855397e+00 1.000000e-01
6.397522074e+00 3.999999e+00
6.399188732e+00 1.000000e-01
6.400855408e+00 3.999999e+00
6.402522066e+00 1.000000e-01
6.404188742e+00 3.999999e+00
6.405855401e+00 1.000000e-01
6.407522077e+00 3.999999e+00
6.409188735e+00 1.000000e-01
6.410855411e+00 3.999999e+00
6.412522069e+00 1.000000e-01
6.414188746e+00 3.999999e+00
6.415855404e+00 1.000000e-01
6.417522080e+00 3.999999e+00
6.419188738e+00 1.000000e-01
6.420855414e+00 3.999999e+00
6.422522073e+00 1.000000e-01
6.424188749e+00 3.999999e+00
6.425855407e+00 1.000000e-01
6.427522083e+00 3.999999e+00
6.429188741e+00 1.000000e-01
6.430855418e+00 3.999999e+00
6.432522076e+00 1.000000e-01
6.434188752e+00 3.999999e+00
6.435855410e+00 1.000000e-01
6.437522086e+00 3.999999e+00
6.439188745e+00 1.000000e-01
6.440855421e+00 3.999999e+00
6.442522079e+00 1.000000e-01
6.444188755e+00 3.999999e+00
6.445855413e+00 1.000000e-01
6.447522090e+00 3.999999e+00
6.449188748e+00 1.000000e-01
6.450855424e+00 3.999999e+00
6.452522082e+00 1.000000e-01
6.454188758e+00 3.999999e+00
6.455855417e+00 1.000000e-01
6.457522093e+00 3.999999e+00
6.459188751e+00 1.000000e-01
6.460855427e+00 3.999999e+00
6.462522085e+00 1.000000e-01
6.464188761e+00 3.999999e+00
6.465855420e+00 1.000000e-01
6.467522096e+00 3.999999e+00
6.469188754e+00 1.000000e-01
6.470855430e+00 3.999999e+00
6.472522088e+00 1.000000e-01
6.474188765e+00 3.999999e+00
6.475855423e+00 1.000000e-01
6.477522099e+00 3.999999e+00
6.479188757e+00 1.000000e-01
6.480855434e+00 3.999999e+00
6.482522092e+00 1.000000e-01
6.484188768e+00 3.999999e+00
6.485855426e+00 1.000000e-01
6.487522102e+00 3.999999e+00
6.489188761e+00 1.000000e-01
6.490855437e+00 3.999999e+00
6.492522095e+00 1.000000e-01
6.494188771e+00 3.999999e+00
6.495855429e+00 1.000000e-01
6.497522105e+00 3.999999e+00
6.499188764e+00 1.000000e-01
6.500855440e+00 3.999999e+00
6.502522098e+00 1.000000e-01
6.504188774e+00 3.999999e+00
6.505855433e+00 1.000000e-01
6.507522109e+00 3.999999e+00
6.509188767e+00 1.000000e-01
6.510855443e+00 3.999999e+00
6.512522101e+00 1.000000e-01
6.514188778e+00 3.999999e+00
6.515855436e+00 1.000000e-01
6.517522112e+00 3.999999e+00
6.519188770e+00 1.000000e-01
6.520855446e+00 3.999999e+00
6.522522105e+00 1.000000e-01
6.524188781e+00 3.999999e+00
6.525855439e+00 1.000000e-01
6.527522115e+00 3.999999e+00
6.529188773e+00 1.000000e-01
6.530855450e+00 3.999999e+00
6.532522108e+00 1.000000e-01
6.534188784e+00 3.999999e+00
6.535855442e+00 1.000000e-01
6.537522118e+00 3.999999e+00
6.539188777e+00 1.000000e-01
6.540855453e+00 3.999999e+00
6.542522111e+00 1.000000e-01
6.544188787e+00 3.999999e+00
6.545855445e+00 1.000000e-01
6.547522122e+00 3.999999e+00
6.549188780e+00 1.000000e-01
6.550855456e+00 3.999999e+00
6.552522114e+00 1.000000e-01
6.554188790e+00 3.999999e+00
6.555855449e+00 1.000000e-01
6.557522125e+00 3.999999e+00
6.559188783e+00 1.000000e-01
6.560855459e+00 3.999999e+00
6.562522117e+00 1.000000e-01
6.564188794e+00 3.999999e+00
6.565855452e+00 1.000000e-01
6.567522128e+00 3.999999e+00
6.569188786e+00 1.000000e-01
6.570855462e+00 3.999999e+00
6.572522121e+00 1.000000e-01
6.574188797e+00 3.999999e+00
6.575855455e+00 1.000000e-01
6.577522131e+00 3.999999e+00
6.579188789e+00 1.000000e-01
6.580855466e+00 3.999999e+00
6.582522124e+00 1.000000e-01
6.584188800e+00 3.999999e+00
6.585855458e+00 1.000000e-01
6.587522134e+00 3.999999e+00
6.589188792e+00 1.000000e-01
6.590855469e+00 3.999999e+00
6.592522127e+00 1.000000e-01
6.594188803e+00 3.999999e+00
6.595855461e+00 1.000000e-01
6.597522138e+00 3.999999e+00
6.599188796e+00 1.000000e-01
6.600855472e+00 3.999999e+00
6.602522130e+00 1.000000e-01
6.604188806e+00 3.999999e+00
6.605855465e+00 1.000000e-01
6.607522141e+00 3.999999e+00
6.609188799e+00 1.000000e-01
6.610855475e+00 3.999999e+00
6.612522133e+00 1.000000e-01
6.614188809e+00 3.999999e+00
6.615855468e+00 1.000000e-01
6.617522144e+00 3.999999e+00
6.619188802e+00 1.000000e-01
6.620855478e+00 3.999999e+00
6.622522137e+00 1.000000e-01
6.624188813e+00 3.999999e+00
6.625855471e+00 1.000000e-01
6.627522147e+00 3.999999e+00
6.629188805e+00 1.000000e-01
6.630855482e+00 3.999999e+00
6.632522140e+00 1.000000e-01
6.634188816e+00 3.999999e+00
6.635855474e+00 1.000000e-01
6.637522150e+00 3.999999e+00
6.639188809e+00 1.000000e-01
6.640855485e+00 3.999999e+00
6.642522143e+00 1.000000e-01
6.644188819e+00 3.999999e+00
6.645855477e+00 1.000000e-01
6.647522154e+00 3.999999e+00
6.649188812e+00 1.000000e-01
6.650855488e+00 3.999999e+00
6.652522146e+00 1.000000e-01
6.654188822e+00 3.999999e+00
6.655855481e+00 1.000000e-01
6.657522157e+00 3.999999e+00
6.659188815e+00 1.000000e-01
6.660855491e+00 3.999999e+00
6.662522149e+00 1.000000e-01
6.664188826e+00 3.999999e+00
6.665855484e+00 1.000000e-01
6.667522160e+00 3.999999e+00
6.669188818e+00 1.000000e-01
6.670855494e+00 3.999999e+00
6.672522153e+00 1.000000e-01
6.674188829e+00 3.999999e+00
6.675855487e+00 1.000000e-01
6.677522163e+00 3.999999e+00
6.679188821e+00 1.000000e-01
6.680855498e+00 3.999999e+00
6.682522156e+00 1.000000e-01
6.684188832e+00 3.999999e+00
6.685855490e+00 1.000000e-01
6.687522166e+00 3.999999e+00
6.689188825e+00 1.000000e-01
6.690855501e+00 3.999999e+00
6.692522159e+00 1.000000e-01
6.694188835e+00 3.999999e+00
6.695855493e+00 1.000000e-01
6.697522170e+00 3.999999e+00
6.699188828e+00 1.000000e-01
6.700855504e+00 3.999999e+00
6.702522162e+00 1.000000e-01
6.704188838e+00 3.999999e+00
6.705855496e+00 1.000000e-01
6.707522173e+00 3.999999e+00
6.709188831e+00 1.000000e-01
6.710855507e+00 3.999999e+00
6.712522165e+00 1.000000e-01
6.714188842e+00 3.999999e+00
6.715855500e+00 1.000000e-01
6.717522176e+00 3.999999e+00
6.719188834e+00 1.000000e-01
6.720855510e+00 3.999999e+00
6.722522169e+00 1.000000e-01
6.724188845e+00 3.999999e+00
6.725855503e+00 1.000000e-01
6.727522179e+00 3.999999e+00
6.729188837e+00 1.000000e-01
6.730855513e+00 3.999999e+00
6.732522172e+00 1.000000e-01
6.734188848e+00 3.999999e+00
6.735855506e+00 1.000000e-01
6.737522182e+00 3.999999e+00
6.739188841e+00 1.000000e-01
6.740855517e+00 3.999999e+00
6.742522175e+00 1.000000e-01
6.744188851e+00 3.999999e+00
6.745855509e+00 1.000000e-01
6.747522186e+00 3.999999e+00
6.749188844e+00 1.000000e-01
6.750855520e+00 3.999999e+00
6.752522178e+00 1.000000e-01
6.754188854e+00 3.999999e+00
6.755855513e+00 1.000000e-01
6.757522189e+00 3.999999e+00
6.759188847e+00 1.000000e-01
6.760855523e+00 3.999999e+00
6.762522181e+00 1.000000e-01
6.764188858e+00 3.999999e+00
6.765855516e+00 1.000000e-01
6.767522192e+00 3.999999e+00
6.769188850e+00 1.000000e-01
6.770855526e+00 3.999999e+00
6.772522185e+00 1.000000e-01
6.774188861e+00 3.999999e+00
6.775855519e+00 1.000000e-01
6.777522195e+00 3.999999e+00
6.779188853e+00 1.000000e-01
6.780855530e+00 3.999999e+00
6.782522188e+00 1.000000e-01
6.784188864e+00 3.999999e+00
6.785855522e+00 1.000000e-01
6.787522198e+00 3.999999e+00
6.789188857e+00 1.000000e-01
6.790855533e+00 3.999999e+00
6.792522191e+00 1.000000e-01
6.794188867e+00 3.999999e+00
6.795855525e+00 1.000000e-01
6.797522202e+00 3.999999e+00
6.799188860e+00 1.000000e-01
6.800855536e+00 3.999999e+00
6.802522194e+00 1.000000e-01
6.804188870e+00 3.999999e+00
6.805855529e+00 1.000000e-01
6.807522205e+00 3.999999e+00
6.809188863e+00 1.000000e-01
6.810855539e+00 3.999999e+00
6.812522197e+00 1.000000e-01
6.814188874e+00 3.999999e+00
6.815855532e+00 1.000000e-01
6.817522208e+00 3.999999e+00
6.819188866e+00 1.000000e-01
6.820855542e+00 3.999999e+00
6.822522200e+00 1.000000e-01
6.824188877e+00 3.999999e+00
6.825855535e+00 1.000000e-01
6.827522211e+00 3.999999e+00
6.829188869e+00 1.000000e-01
6.830855546e+00 3.999999e+00
6.832522204e+00 1.000000e-01
6.834188880e+00 3.999999e+00
6.835855538e+00 1.000000e-01
6.837522214e+00 3.999999e+00
6.839188873e+00 1.000000e-01
6.840855549e+00 3.999999e+00
6.842522207e+00 1.000000e-01
6.844188883e+00 3.999999e+00
6.845855541e+00 1.000000e-01
6.847522217e+00 3.999999e+00
6.849188876e+00 1.000000e-01
6.850855552e+00 3.999999e+00
6.852522210e+00 1.000000e-01
6.854188886e+00 3.999999e+00
6.855855545e+00 1.000000e-01
6.857522221e+00 3.999999e+00
6.859188879e+00 1.000000e-01
6.860855555e+00 3.999999e+00
6.862522213e+00 1.000000e-01
6.864188890e+00 3.999999e+00
6.865855548e+00 1.000000e-01
6.867522224e+00 3.999999e+00
6.869188882e+00 1.000000e-01
6.870855558e+00 3.999999e+00
6.872522217e+00 1.000000e-01
6.874188893e+00 3.999999e+00
6.875855551e+00 1.000000e-01
6.877522227e+00 3.999999e+00
6.879188885e+00 1.000000e-01
6.880855562e+00 3.999999e+00
6.882522220e+00 1.000000e-01
6.884188896e+00 3.999999e+00
6.885855554e+00 1.000000e-01
6.887522230e+00 3.999999e+00
6.889188889e+00 1.000000e-01
6.890855565e+00 3.999999e+00
6.892522223e+00 1.000000e-01
6.894188899e+00 3.999999e+00
6.895855557e+00 1.000000e-01
6.897522234e+00 3.999999e+00
6.899188892e+00 1.000000e-01
6.900855568e+00 3.999999e+00
6.902522226e+00 1.000000e-01
6.904188902e+00 3.999999e+00
6.905855561e+00 1.000000e-01
6.907522237e+00 3.999999e+00
6.909188895e+00 1.000000e-01
6.910855571e+00 3.999999e+00
6.912522229e+00 1.000000e-01
6.914188906e+00 3.999999e+00
6.915855564e+00 1.000000e-01
6.917522240e+00 3.999999e+00
6.919188898e+00 1.000000e-01
6.920855574e+00 3.999999e+00
6.922522233e+00 1.000000e-01
6.924188909e+00 3.999999e+00
6.925855567e+00 1.000000e-01
6.927522243e+00 3.999999e+00
6.929188901e+00 1.000000e-01
6.930855578e+00 3.999999e+00
6.932522236e+00 1.000000e-01
6.934188912e+00 3.999999e+00
6.935855570e+00 1.000000e-01
6.937522246e+00 3.999999e+00
6.939188904e+00 1.000000e-01
6.940855581e+00 3.999999e+00
6.942522239e+00 1.000000e-01
6.944188915e+00 3.999999e+00
6.945855573e+00 1.000000e-01
6.947522250e+00 3.999999e+00
6.949188908e+00 1.000000e-01
6.950855584e+00 3.999999e+00
6.952522242e+00 1.000000e-01
6.954188918e+00 3.999999e+00
6.955855577e+00 1.000000e-01
6.957522253e+00 3.999999e+00
6.959188911e+00 1.000000e-01
6.960855587e+00 3.999999e+00
6.962522245e+00 1.000000e-01
6.964188921e+00 3.999999e+00
6.965855580e+00 1.000000e-01
6.967522256e+00 3.999999e+00
6.969188914e+00 1.000000e-01
6.970855590e+00 3.999999e+00
6.972522249e+00 1.000000e-01
6.974188925e+00 3.999999e+00
6.975855583e+00 1.000000e-01
6.977522259e+00 3.999999e+00
6.979188917e+00 1.000000e-01
6.980855594e+00 3.999999e+00
6.982522252e+00 1.000000e-01
6.984188928e+00 3.999999e+00
6.985855586e+00 1.000000e-01
6.987522262e+00 3.999999e+00
6.989188921e+00 1.000000e-01
6.990855597e+00 3.999999e+00
6.992522255e+00 1.000000e-01
6.994188931e+00 3.999999e+00
6.995855589e+00 1.000000e-01
6.997522266e+00 3.999999e+00
6.999188924e+00 1.000000e-01
7.000855600e+00 3.999999e+00
7.002522258e+00 1.000000e-01
7.004188934e+00 3.999999e+00
7.005855593e+00 1.000000e-01
7.007522269e+00 3.999999e+00
7.009188927e+00 1.000000e-01
7.010855603e+00 3.999999e+00
7.012522261e+00 1.000000e-01
7.014188938e+00 3.999999e+00
7.015855596e+00 1.000000e-01
7.017522272e+00 3.999999e+00
7.019188930e+00 1.000000e-01
7.020855606e+00 3.999999e+00
7.022522265e+00 1.000000e-01
7.024188941e+00 3.999999e+00
7.025855599e+00 1.000000e-01
7.027522275e+00 3.999999e+00
7.029188933e+00 1.000000e-01
7.030855610e+00 3.999999e+00
7.032522268e+00 1.000000e-01
7.034188944e+00 3.999999e+00
7.035855602e+00 1.000000e-01
7.037522278e+00 3.999999e+00
7.039188937e+00 1.000000e-01
7.040855613e+00 3.999999e+00
7.042522271e+00 1.000000e-01
7.044188947e+00 3.999999e+00
7.045855605e+00 1.000000e-01
7.047522282e+00 3.999999e+00
7.049188940e+00 1.000000e-01
7.050855616e+00 3.999999e+00
7.052522274e+00 1.000000e-01
7.054188950e+00 3.999999e+00
7.055855608e+00 1.000000e-01
7.057522285e+00 3.999999e+00
7.059188943e+00 1.000000e-01
7.060855619e+00 3.999999e+00
7.062522277e+00 1.000000e-01
7.064188954e+00 3.999999e+00
7.065855612e+00 1.000000e-01
7.067522288e+00 3.999999e+00
7.069188946e+00 1.000000e-01
7.070855622e+00 3.999999e+00
7.072522281e+00 1.000000e-01
7.074188957e+00 3.999999e+00
7.075855615e+00 1.000000e-01
7.077522291e+00 3.999999e+00
7.079188949e+00 1.000000e-01
7.080855625e+00 3.999999e+00
7.082522284e+00 1.000000e-01
7.084188960e+00 3.999999e+00
7.085855618e+00 1.000000e-01
7.087522294e+00 3.999999e+00
7.089188953e+00 1.000000e-01
7.090855629e+00 3.999999e+00
7.092522287e+00 1.000000e-01
7.094188963e+00 3.999999e+00
7.095855621e+00 1.000000e-01
7.097522298e+00 3.999999e+00
7.099188956e+00 1.000000e-01
7.100855632e+00 3.999999e+00
7.102522290e+00 1.000000e-01
7.104188966e+00 3.999999e+00
7.105855625e+00 1.000000e-01
7.107522301e+00 3.999999e+00
7.109188959e+00 1.000000e-01
7.110855635e+00 3.999999e+00
7.112522293e+00 1.000000e-01
7.114188970e+00 3.999999e+00
7.115855628e+00 1.000000e-01
7.117522304e+00 3.999999e+00
7.119188962e+00 1.000000e-01
7.120855638e+00 3.999999e+00
7.122522297e+00 1.000000e-01
7.124188973e+00 3.999999e+00
7.125855631e+00 1.000000e-01
7.127522307e+00 3.999999e+00
7.129188965e+00 1.000000e-01
7.130855642e+00 3.999999e+00
7.132522300e+00 1.000000e-01
7.134188976e+00 3.999999e+00
7.135855634e+00 1.000000e-01
7.137522310e+00 3.999999e+00
7.139188969e+00 1.000000e-01
7.140855645e+00 3.999999e+00
7.142522303e+00 1.000000e-01
7.144188979e+00 3.999999e+00
7.145855637e+00 1.000000e-01
7.147522314e+00 3.999999e+00
7.149188972e+00 1.000000e-01
7.150855648e+00 3.999999e+00
7.152522306e+00 1.000000e-01
7.154188982e+00 3.999999e+00
7.155855641e+00 1.000000e-01
7.157522317e+00 3.999999e+00
7.159188975e+00 1.000000e-01
7.160855651e+00 3.999999e+00
7.162522309e+00 1.000000e-01
7.164188986e+00 3.999999e+00
7.165855644e+00 1.000000e-01
7.167522320e+00 3.999999e+00
7.169188978e+00 1.000000e-01
7.170855654e+00 3.999999e+00
7.172522312e+00 1.000000e-01
7.174188989e+00 3.999999e+00
7.175855647e+00 1.000000e-01
7.177522323e+00 3.999999e+00
7.179188981e+00 1.000000e-01
7.180855658e+00 3.999999e+00
7.182522316e+00 1.000000e-01
7.184188992e+00 3.999999e+00
7.185855650e+00 1.000000e-01
7.187522326e+00 3.999999e+00
7.189188985e+00 1.000000e-01
7.190855661e+00 3.999999e+00
7.192522319e+00 1.000000e-01
7.194188995e+00 3.999999e+00
7.195855653e+00 1.000000e-01
7.197522329e+00 3.999999e+00
7.199188988e+00 1.000000e-01
7.200855664e+00 3.999999e+00
7.202522322e+00 1.000000e-01
7.204188998e+00 3.999999e+00
7.205855657e+00 1.000000e-01
7.207522333e+00 3.999999e+00
7.209188991e+00 1.000000e-01
7.210855667e+00 3.999999e+00
7.212522325e+00 1.000000e-01
7.214189002e+00 3.999999e+00
7.215855660e+00 1.000000e-01
7.217522336e+00 3.999999e+00
7.219188994e+00 1.000000e-01
7.220855670e+00 3.999999e+00
7.222522329e+00 1.000000e-01
7.224189005e+00 3.999999e+00
7.225855663e+00 1.000000e-01
7.227522339e+00 3.999999e+00
7.229188997e+00 1.000000e-01
7.230855674e+00 3.999999e+00
7.232522332e+00 1.000000e-01
7.234189008e+00 3.999999e+00
7.235855666e+00 1.000000e-01
7.237522342e+00 3.999999e+00
7.239189001e+00 1.000000e-01
7.240855677e+00 3.999999e+00
7.242522335e+00 1.000000e-01
7.244189011e+00 3.999999e+00
7.245855669e+00 1.000000e-01
7.247522346e+00 3.999999e+00
7.249189004e+00 1.000000e-01
7.250855680e+00 3.999999e+00
7.252522338e+00 1.000000e-01
7.254189014e+00 3.999999e+00
7.255855673e+00 1.000000e-01
7.257522349e+00 3.999999e+00
7.259189007e+00 1.000000e-01
7.260855683e+00 3.999999e+00
7.262522341e+00 1.000000e-01
7.264189018e+00 3.999999e+00
7.265855676e+00 1.000000e-01
7.267522352e+00 3.999999e+00
7.269189010e+00 1.000000e-01
7.270855686e+00 3.999999e+00
7.272522345e+00 1.000000e-01
7.274189021e+00 3.999999e+00
7.275855679e+00 1.000000e-01
7.277522355e+00 3.999999e+00
7.279189013e+00 1.000000e-01
7.280855690e+00 3.999999e+00
7.282522348e+00 1.000000e-01
7.284189024e+00 3.999999e+00
7.285855682e+00 1.000000e-01
7.287522358e+00 3.999999e+00
7.289189016e+00 1.000000e-01
7.290855693e+00 3.999999e+00
7.292522351e+00 1.000000e-01
7.294189027e+00 3.999999e+00
7.295855685e+00 1.000000e-01
7.297522362e+00 3.999999e+00
7.299189020e+00 1.000000e-01
7.300855696e+00 3.999999e+00
7.302522354e+00 1.000000e-01
7.304189030e+00 3.999999e+00
7.305855689e+00 1.000000e-01
7.307522365e+00 3.999999e+00
7.309189023e+00 1.000000e-01
7.310855699e+00 3.999999e+00
7.312522357e+00 1.000000e-01
7.314189033e+00 3.999999e+00
7.315855692e+00 1.000000e-01
7.317522368e+00 3.999999e+00
7.319189026e+00 1.000000e-01
7.320855702e+00 3.999999e+00
7.322522360e+00 1.000000e-01
7.324189037e+00 3.999999e+00
7.325855695e+00 1.000000e-01
7.327522371e+00 3.999999e+00
7.329189029e+00 1.000000e-01
7.330855706e+00 3.999999e+00
7.332522364e+00 1.000000e-01
7.334189040e+00 3.999999e+00
7.335855698e+00 1.000000e-01
7.337522374e+00 3.999999e+00
7.339189033e+00 1.000000e-01
7.340855709e+00 3.999999e+00
7.342522367e+00 1.000000e-01
7.344189043e+00 3.999999e+00
7.345855701e+00 1.000000e-01
7.347522378e+00 3.999999e+00
7.349189036e+00 1.000000e-01
7.350855712e+00 3.999999e+00
7.352522370e+00 1.000000e-01
7.354189046e+00 3.999999e+00
7.355855705e+00 1.000000e-01
7.357522381e+00 3.999999e+00
7.359189039e+00 1.000000e-01
7.360855715e+00 3.999999e+00
7.362522373e+00 1.000000e-01
7.364189050e+00 3.999999e+00
7.365855708e+00 1.000000e-01
7.367522384e+00 3.999999e+00
7.369189042e+00 1.000000e-01
7.370855718e+00 3.999999e+00
7.372522377e+00 1.000000e-01
7.374189053e+00 3.999999e+00
7.375855711e+00 1.000000e-01
7.377522387e+00 3.999999e+00
7.379189045e+00 1.000000e-01
7.380855722e+00 3.999999e+00
7.382522380e+00 1.000000e-01
7.384189056e+00 3.999999e+00
7.385855714e+00 1.000000e-01
7.387522390e+00 3.999999e+00
7.389189049e+00 1.000000e-01
7.390855725e+00 3.999999e+00
7.392522383e+00 1.000000e-01
7.394189059e+00 3.999999e+00
7.395855717e+00 1.000000e-01
7.397522394e+00 3.999999e+00
7.399189052e+00 1.000000e-01
7.400855728e+00 3.999999e+00
7.402522386e+00 1.000000e-01
7.404189062e+00 3.999999e+00
7.405855720e+00 1.000000e-01
7.407522397e+00 3.999999e+00
7.409189055e+00 1.000000e-01
7.410855731e+00 3.999999e+00
7.412522389e+00 1.000000e-01
7.414189066e+00 3.999999e+00
7.415855724e+00 1.000000e-01
7.417522400e+00 3.999999e+00
7.419189058e+00 1.000000e-01
7.420855734e+00 3.999999e+00
7.422522393e+00 1.000000e-01
7.424189069e+00 3.999999e+00
7.425855727e+00 1.000000e-01
7.427522403e+00 3.999999e+00
7.429189061e+00 1.000000e-01
7.430855737e+00 3.999999e+00
7.432522396e+00 1.000000e-01
7.434189072e+00 3.999999e+00
7.435855730e+00 1.000000e-01
7.437522406e+00 3.999999e+00
7.439189064e+00 1.000000e-01
7.440855741e+00 3.999999e+00
7.442522399e+00 1.000000e-01
7.444189075e+00 3.999999e+00
7.445855733e+00 1.000000e-01
7.447522410e+00 3.999999e+00
7.449189068e+00 1.000000e-01
7.450855744e+00 3.999999e+00
7.452522402e+00 1.000000e-01
7.454189078e+00 3.999999e+00
7.455855737e+00 1.000000e-01
7.457522413e+00 3.999999e+00
7.459189071e+00 1.000000e-01
7.460855747e+00 3.999999e+00
7.462522405e+00 1.000000e-01
7.464189082e+00 3.999999e+00
7.465855740e+00 1.000000e-01
7.467522416e+00 3.999999e+00
7.469189074e+00 1.000000e-01
7.470855750e+00 3.999999e+00
7.472522409e+00 1.000000e-01
7.739189170e+00 3.999999e+00
8.020855917e+00 1.000000e-01
8.287522678e+00 3.999999e+00
8.487522733e+00 1.000000e-01
8.822522850e+00 3.999999e+00
9.089189593e+00 1.000000e-01
9.355856354e+00 3.999999e+00
9.567523079e+00 1.000000e-01
9.922523202e+00 3.999999e+00
1.018918994e+01 1.000000e-01
1.045585671e+01 3.999999e+00
1.063252342e+01 1.000000e-01
1.084419016e+01 3.999999e+00
1.112585691e+01 1.000000e-01
1.146085703e+01 3.999999e+00
1.179585713e+01 1.000000e-01
1.199585720e+01 3.999999e+00
1.220752392e+01 1.000000e-01
1.245919068e+01 3.999999e+00
1.275752410e+01 1.000000e-01
1.300919086e+01 3.999999e+00
1.320919091e+01 1.000000e-01
1.346085767e+01 3.999999e+00
1.366085772e+01 1.000000e-01
1.382752445e+01 3.999999e+00
1.409419119e+01 1.000000e-01
1.427085793e+01 3.999999e+00
1.447085798e+01 1.000000e-01
1.473752474e+01 3.999999e+00
1.491419146e+01 1.000000e-01
1.504752484e+01 3.999999e+00
1.519585821e+01 1.000000e-01
1.536252494e+01 3.999999e+00
1.556252500e+01 1.000000e-01
1.576252507e+01 3.999999e+00
1.596252513e+01 1.000000e-01
1.616252520e+01 3.999999e+00
1.616419186e+01 1.000000e-01
1.616585853e+01 3.999999e+00
1.616752519e+01 1.000000e-01
1.616919187e+01 3.999999e+00
1.617085853e+01 1.000000e-01
1.617252520e+01 3.999999e+00
1.617419186e+01 1.000000e-01
1.617585854e+01 3.999999e+00
1.617752519e+01 1.000000e-01
1.617919187e+01 3.999999e+00
1.618085853e+01 1.000000e-01
1.618252520e+01 3.999999e+00
1.618419186e+01 1.000000e-01
1.618585854e+01 3.999999e+00
1.618752520e+01 1.000000e-01
1.618919187e+01 3.999999e+00
1.619085853e+01 1.000000e-01
1.619252521e+01 3.999999e+00
1.619419187e+01 1.000000e-01
1.619585854e+01 3.999999e+00
1.619752520e+01 1.000000e-01
1.619919188e+01 3.999999e+00
1.620085853e+01 1.000000e-01
1.620252521e+01 3.999999e+00
1.620419187e+01 1.000000e-01
1.620585855e+01 3.999999e+00
1.620752520e+01 1.000000e-01
1.620919188e+01 3.999999e+00
1.621085854e+01 1.000000e-01
1.621252521e+01 3.999999e+00
1.621419187e+01 1.000000e-01
1.621585855e+01 3.999999e+00
1.621752521e+01 1.000000e-01
1.621919188e+01 3.999999e+00
1.622085854e+01 1.000000e-01
1.622252522e+01 3.999999e+00
1.622419188e+01 1.000000e-01
1.622585855e+01 3.999999e+00
1.622752521e+01 1.000000e-01
1.622919189e+01 3.999999e+00
1.623085854e+01 1.000000e-01
1.623252522e+01 3.999999e+00
1.623419188e+01 1.000000e-01
1.623585856e+01 3.999999e+00
1.623752521e+01 1.000000e-01
1.623919189e+01 3.999999e+00
1.624085855e+01 1.000000e-01
1.624252522e+01 3.999999e+00
1.624419188e+01 1.000000e-01
1.624585856e+01 3.999999e+00
1.624752522e+01 1.000000e-01
1.624919189e+01 3.999999e+00
1.625085855e+01 1.000000e-01
1.625252523e+01 3.999999e+00
1.625419189e+01 1.000000e-01
1.625585856e+01 3.999999e+00
1.625752522e+01 1.000000e-01
1.625919190e+01 3.999999e+00
1.626085855e+01 1.000000e-01
1.626252523e+01 3.999999e+00
1.626419189e+01 1.000000e-01
1.626585856e+01 3.999999e+00
1.626752522e+01 1.000000e-01
1.626919190e+01 3.999999e+00
1.627085856e+01 1.000000e-01
1.627252523e+01 3.999999e+00
1.627419189e+01 1.000000e-01
1.627585857e+01 3.999999e+00
1.627752523e+01 1.000000e-01
1.627919190e+01 3.999999e+00
1.628085856e+01 1.000000e-01
1.628252524e+01 3.999999e+00
1.628419189e+01 1.000000e-01
1.628585857e+01 3.999999e+00
1.628752523e+01 1.000000e-01
1.628919191e+01 3.999999e+00
1.629085856e+01 1.000000e-01
1.629252524e+01 3.999999e+00
1.629419190e+01 1.000000e-01
1.629585857e+01 3.999999e+00
1.629752523e+01 1.000000e-01
1.629919191e+01 3.999999e+00
1.630085857e+01 1.000000e-01
1.630252524e+01 3.999999e+00
1.630419190e+01 1.000000e-01
1.630585858e+01 3.999999e+00
1.630752524e+01 1.000000e-01
1.630919191e+01 3.999999e+00
1.631085857e+01 1.000000e-01
1.631252525e+01 3.999999e+00
1.631419190e+01 1.000000e-01
1.631585858e+01 3.999999e+00
1.631752524e+01 1.000000e-01
1.631919192e+01 3.999999e+00
1.632085857e+01 1.000000e-01
1.632252525e+01 3.999999e+00
1.632419191e+01 1.000000e-01
1.632585858e+01 3.999999e+00
1.632752524e+01 1.000000e-01
1.632919192e+01 3.999999e+00
1.633085858e+01 1.000000e-01
1.633252525e+01 3.999999e+00
1.633419191e+01 1.000000e-01
1.633585859e+01 3.999999e+00
1.633752525e+01 1.000000e-01
1.633919192e+01 3.999999e+00
1.634085858e+01 1.000000e-01
1.634252526e+01 3.999999e+00
1.634419191e+01 1.000000e-01
1.634585859e+01 3.999999e+00
1.634752525e+01 1.000000e-01
1.634919192e+01 3.999999e+00
1.635085858e+01 1.000000e-01
1.635252526e+01 3.999999e+00
1.635419192e+01 1.000000e-01
1.635585859e+01 3.999999e+00
1.635752525e+01 1.000000e-01
1.635919193e+01 3.999999e+00
1.636085859e+01 1.000000e-01
1.636252526e+01 3.999999e+00
1.636419192e+01 1.000000e-01
1.636585860e+01 3.999999e+00
1.636752525e+01 1.000000e-01
1.636919193e+01 3.999999e+00
1.637085859e+01 1.000000e-01
1.637252527e+01 3.999999e+00
1.637419192e+01 1.000000e-01
1.637585860e+01 3.999999e+00
1.637752526e+01 1.000000e-01
1.637919193e+01 3.999999e+00
1.638085859e+01 1.000000e-01
1.638252527e+01 3.999999e+00
1.638419193e+01 1.000000e-01
1.638585860e+01 3.999999e+00
1.638752526e+01 1.000000e-01
1.638919194e+01 3.999999e+00
1.639085860e+01 1.000000e-01
1.639252527e+01 3.999999e+00
1.639419193e+01 1.000000e-01
1.639585861e+01 3.999999e+00
1.639752526e+01 1.000000e-01
1.639919194e+01 3.999999e+00
1.640085860e+01 1.000000e-01
1.640252528e+01 3.999999e+00
1.640419193e+01 1.000000e-01
1.640585861e+01 3.999999e+00
1.640752527e+01 1.000000e-01
1.640919194e+01 3.999999e+00
1.641085860e+01 1.000000e-01
1.641252528e+01 3.999999e+00
1.641419194e+01 1.000000e-01
1.641585861e+01 3.999999e+00
1.641752527e+01 1.000000e-01
1.641919195e+01 3.999999e+00
1.642085861e+01 1.000000e-01
1.642252528e+01 3.999999e+00
1.642419194e+01 1.000000e-01
1.642585862e+01 3.999999e+00
1.642752527e+01 1.000000e-01
1.642919195e+01 3.999999e+00
1.643085861e+01 1.000000e-01
1.643252528e+01 3.999999e+00
1.643419194e+01 1.000000e-01
1.643585862e+01 3.999999e+00
1.643752528e+01 1.000000e-01
1.643919195e+01 3.999999e+00
1.644085861e+01 1.000000e-01
1.644252529e+01 3.999999e+00
1.644419195e+01 1.000000e-01
1.644585862e+01 3.999999e+00
1.644752528e+01 1.000000e-01
1.644919196e+01 3.999999e+00
1.645085861e+01 1.000000e-01
1.645252529e+01 3.999999e+00
1.645419195e+01 1.000000e-01
1.645585863e+01 3.999999e+00
1.645752528e+01 1.000000e-01
1.645919196e+01 3.999999e+00
1.646085862e+01 1.000000e-01
1.646252529e+01 3.999999e+00
1.646419195e+01 1.000000e-01
1.646585863e+01 3.999999e+00
1.646752529e+01 1.000000e-01
1.646919196e+01 3.999999e+00
1.647085862e+01 1.000000e-01
1.647252530e+01 3.999999e+00
1.647419196e+01 1.000000e-01
1.647585863e+01 3.999999e+00
1.647752529e+01 1.000000e-01
1.647919197e+01 3.999999e+00
1.648085862e+01 1.000000e-01
1.648252530e+01 3.999999e+00
1.648419196e+01 1.000000e-01
1.648585864e+01 3.999999e+00
1.648752529e+01 1.000000e-01
1.648919197e+01 3.999999e+00
1.649085863e+01 1.000000e-01
1.649252530e+01 3.999999e+00
1.649419196e+01 1.000000e-01
1.649585864e+01 3.999999e+00
1.649752530e+01 1.000000e-01
1.649919197e+01 3.999999e+00
1.650085863e+01 1.000000e-01
1.650252531e+01 3.999999e+00
1.650419197e+01 1.000000e-01
1.650585864e+01 3.999999e+00
1.650752530e+01 1.000000e-01
1.650919198e+01 3.999999e+00
1.651085863e+01 1.000000e-01
1.651252531e+01 3.999999e+00
1.651419197e+01 1.000000e-01
1.651585864e+01 3.999999e+00
1.651752530e+01 1.000000e-01
1.651919198e+01 3.999999e+00
1.652085864e+01 1.000000e-01
1.652252531e+01 3.999999e+00
1.652419197e+01 1.000000e-01
1.652585865e+01 3.999999e+00
1.652752531e+01 1.000000e-01
1.652919198e+01 3.999999e+00
1.653085864e+01 1.000000e-01
1.653252532e+01 3.999999e+00
1.653419197e+01 1.000000e-01
1.653585865e+01 3.999999e+00
1.653752531e+01 1.000000e-01
1.653919199e+01 3.999999e+00
1.654085864e+01 1.000000e-01
1.654252532e+01 3.999999e+00
1.654419198e+01 1.000000e-01
1.654585865e+01 3.999999e+00
1.654752531e+01 1.000000e-01
1.654919199e+01 3.999999e+00
1.655085865e+01 1.000000e-01
1.655252532e+01 3.999999e+00
1.655419198e+01 1.000000e-01
1.655585866e+01 3.999999e+00
1.655752532e+01 1.000000e-01
1.655919199e+01 3.999999e+00
1.656085865e+01 1.000000e-01
1.656252533e+01 3.999999e+00
1.656419198e+01 1.000000e-01
1.656585866e+01 3.999999e+00
1.656752532e+01 1.000000e-01
1.656919200e+01 3.999999e+00
1.657085865e+01 1.000000e-01
1.657252533e+01 3.999999e+00
1.657419199e+01 1.000000e-01
1.657585866e+01 3.999999e+00
1.657752532e+01 1.000000e-01
1.657919200e+01 3.999999e+00
1.658085866e+01 1.000000e-01
1.658252533e+01 3.999999e+00
1.658419199e+01 1.000000e-01
1.658585867e+01 3.999999e+00
1.658752533e+01 1.000000e-01
1.658919200e+01 3.999999e+00
1.659085866e+01 1.000000e-01
1.659252534e+01 3.999999e+00
1.659419199e+01 1.000000e-01
1.659585867e+01 3.999999e+00
1.659752533e+01 1.000000e-01
1.659919200e+01 3.999999e+00
1.660085866e+01 1.000000e-01
1.660252534e+01 3.999999e+00
1.660419200e+01 1.000000e-01
1.660585867e+01 3.999999e+00
1.660752533e+01 1.000000e-01
1.660919201e+01 3.999999e+00
1.661085867e+01 1.000000e-01
1.661252534e+01 3.999999e+00
1.661419200e+01 1.000000e-01
1.661585868e+01 3.999999e+00
1.661752533e+01 1.000000e-01
1.661919201e+01 3.999999e+00
1.662085867e+01 1.000000e-01
1.662252535e+01 3.999999e+00
1.662419200e+01 1.000000e-01
1.662585868e+01 3.999999e+00
1.662752534e+01 1.000000e-01
1.662919201e+01 3.999999e+00
1.663085867e+01 1.000000e-01
1.663252535e+01 3.999999e+00
1.663419201e+01 1.000000e-01
1.663585868e+01 3.999999e+00
1.663752534e+01 1.000000e-01
1.663919202e+01 3.999999e+00
1.664085868e+01 1.000000e-01
1.664252535e+01 3.999999e+00
1.664419201e+01 1.000000e-01
1.664585869e+01 3.999999e+00
1.664752534e+01 1.000000e-01
1.664919202e+01 3.999999e+00
1.665085868e+01 1.000000e-01
1.665252536e+01 3.999999e+00
1.665419201e+01 1.000000e-01
1.665585869e+01 3.999999e+00
1.665752535e+01 1.000000e-01
1.665919202e+01 3.999999e+00
1.666085868e+01 1.000000e-01
1.666252536e+01 3.999999e+00
1.666419202e+01 1.000000e-01
1.666585869e+01 3.999999e+00
1.666752535e+01 1.000000e-01
1.666919203e+01 3.999999e+00
1.667085869e+01 1.000000e-01
1.667252536e+01 3.999999e+00
1.667419202e+01 1.000000e-01
1.667585870e+01 3.999999e+00
1.667752535e+01 1.000000e-01
1.667919203e+01 3.999999e+00
1.668085869e+01 1.000000e-01
1.668252536e+01 3.999999e+00
1.668419202e+01 1.000000e-01
1.668585870e+01 3.999999e+00
1.668752536e+01 1.000000e-01
1.668919203e+01 3.999999e+00
1.669085869e+01 1.000000e-01
1.669252537e+01 3.999999e+00
1.669419203e+01 1.000000e-01
1.669585870e+01 3.999999e+00
1.669752536e+01 1.000000e-01
1.669919204e+01 3.999999e+00
1.670085869e+01 1.000000e-01
1.670252537e+01 3.999999e+00
1.670419203e+01 1.000000e-01
1.670585871e+01 3.999999e+00
1.670752536e+01 1.000000e-01
1.670919204e+01 3.999999e+00
1.671085870e+01 1.000000e-01
1.671252537e+01 3.999999e+00
1.671419203e+01 1.000000e-01
1.671585871e+01 3.999999e+00
1.671752537e+01 1.000000e-01
1.671919204e+01 3.999999e+00
1.672085870e+01 1.000000e-01
1.672252538e+01 3.999999e+00
1.672419204e+01 1.000000e-01
1.672585871e+01 3.999999e+00
1.672752537e+01 1.000000e-01
1.672919205e+01 3.999999e+00
1.673085870e+01 1.000000e-01
1.673252538e+01 3.999999e+00
1.673419204e+01 1.000000e-01
1.673585872e+01 3.999999e+00
1.673752537e+01 1.000000e-01
1.673919205e+01 3.999999e+00
1.674085871e+01 1.000000e-01
1.674252538e+01 3.999999e+00
1.674419204e+01 1.000000e-01
1.674585872e+01 3.999999e+00
1.674752538e+01 1.000000e-01
1.674919205e+01 3.999999e+00
1.675085871e+01 1.000000e-01
1.675252539e+01 3.999999e+00
1.675419205e+01 1.000000e-01
1.675585872e+01 3.999999e+00
1.675752538e+01 1.000000e-01
1.675919206e+01 3.999999e+00
1.676085871e+01 1.000000e-01
1.676252539e+01 3.999999e+00
1.676419205e+01 1.000000e-01
1.676585872e+01 3.999999e+00
1.676752538e+01 1.000000e-01
1.676919206e+01 3.999999e+00
1.677085872e+01 1.000000e-01
1.677252539e+01 3.999999e+00
1.677419205e+01 1.000000e-01
1.677585873e+01 3.999999e+00
1.677752539e+01 1.000000e-01
1.677919206e+01 3.999999e+00
1.678085872e+01 1.000000e-01
1.678252540e+01 3.999999e+00
1.678419205e+01 1.000000e-01
1.678585873e+01 3.999999e+00
1.678752539e+01 1.000000e-01
1.678919207e+01 3.999999e+00
1.679085872e+01 1.000000e-01
1.679252540e+01 3.999999e+00
1.679419206e+01 1.000000e-01
1.679585873e+01 3.999999e+00
1.679752539e+01 1.000000e-01
1.679919207e+01 3.999999e+00
1.680085873e+01 1.000000e-01
1.680252540e+01 3.999999e+00
1.680419206e+01 1.000000e-01
1.680585874e+01 3.999999e+00
1.680752540e+01 1.000000e-01
1.680919207e+01 3.999999e+00
1.681085873e+01 1.000000e-01
1.681252541e+01 3.999999e+00
1.681419206e+01 1.000000e-01
1.681585874e+01 3.999999e+00
1.681752540e+01 1.000000e-01
1.681919208e+01 3.999999e+00
1.682085873e+01 1.000000e-01
1.682252541e+01 3.999999e+00
1.682419207e+01 1.000000e-01
1.682585874e+01 3.999999e+00
1.682752540e+01 1.000000e-01
1.682919208e+01 3.999999e+00
1.683085874e+01 1.000000e-01
1.683252541e+01 3.999999e+00
1.683419207e+01 1.000000e-01
1.683585875e+01 3.999999e+00
1.683752541e+01 1.000000e-01
1.683919208e+01 3.999999e+00
1.684085874e+01 1.000000e-01
1.684252542e+01 3.999999e+00
1.684419207e+01 1.000000e-01
1.684585875e+01 3.999999e+00
1.684752541e+01 1.000000e-01
1.684919208e+01 3.999999e+00
1.685085874e+01 1.000000e-01
1.685252542e+01 3.999999e+00
1.685419208e+01 1.000000e-01
1.685585875e+01 3.999999e+00
1.685752541e+01 1.000000e-01
1.685919209e+01 3.999999e+00
1.686085875e+01 1.000000e-01
1.686252542e+01 3.999999e+00
1.686419208e+01 1.000000e-01
1.686585876e+01 3.999999e+00
1.686752541e+01 1.000000e-01
1.686919209e+01 3.999999e+00
1.687085875e+01 1.000000e-01
1.687252543e+01 3.999999e+00
1.687419208e+01 1.000000e-01
1.687585876e+01 3.999999e+00
1.687752542e+01 1.000000e-01
1.687919209e+01 3.999999e+00
1.688085875e+01 1.000000e-01
1.688252543e+01 3.999999e+00
1.688419209e+01 1.000000e-01
1.688585876e+01 3.999999e+00
1.688752542e+01 1.000000e-01
1.688919210e+01 3.999999e+00
1.689085876e+01 1.000000e-01
1.689252543e+01 3.999999e+00
1.689419209e+01 1.000000e-01
1.689585877e+01 3.999999e+00
1.689752542e+01 1.000000e-01
1.689919210e+01 3.999999e+00
1.690085876e+01 1.000000e-01
1.690252544e+01 3.999999e+00
1.690419209e+01 1.000000e-01
1.690585877e+01 3.999999e+00
1.690752543e+01 1.000000e-01
1.690919210e+01 3.999999e+00
1.691085876e+01 1.000000e-01
1.691252544e+01 3.999999e+00
1.691419210e+01 1.000000e-01
1.691585877e+01 3.999999e+00
1.691752543e+01 1.000000e-01
1.691919211e+01 3.999999e+00
1.692085877e+01 1.000000e-01
1.692252544e+01 3.999999e+00
1.692419210e+01 1.000000e-01
1.692585878e+01 3.999999e+00
1.692752543e+01 1.000000e-01
1.692919211e+01 3.999999e+00
1.693085877e+01 1.000000e-01
1.693252544e+01 3.999999e+00
1.693419210e+01 1.000000e-01
1.693585878e+01 3.999999e+00
1.693752544e+01 1.000000e-01
1.693919211e+01 3.999999e+00
1.694085877e+01 1.000000e-01
1.694252545e+01 3.999999e+00
1.694419211e+01 1.000000e-01
1.694585878e+01 3.999999e+00
1.694752544e+01 1.000000e-01
1.694919212e+01 3.999999e+00
1.695085877e+01 1.000000e-01
1.695252545e+01 3.999999e+00
1.695419211e+01 1.000000e-01
1.695585879e+01 3.999999e+00
1.695752544e+01 1.000000e-01
1.695919212e+01 3.999999e+00
1.696085878e+01 1.000000e-01
1.696252545e+01 3.999999e+00
1.696419211e+01 1.000000e-01
1.696585879e+01 3.999999e+00
1.696752545e+01 1.000000e-01
1.696919212e+01 3.999999e+00
1.697085878e+01 1.000000e-01
1.697252546e+01 3.999999e+00
1.697419212e+01 1.000000e-01
1.697585879e+01 3.999999e+00
1.697752545e+01 1.000000e-01
1.697919213e+01 3.999999e+00
1.698085878e+01 1.000000e-01
1.698252546e+01 3.999999e+00
1.698419212e+01 1.000000e-01
1.698585880e+01 3.999999e+00
1.698752545e+01 1.000000e-01
1.698919213e+01 3.999999e+00
1.699085879e+01 1.000000e-01
1.699252546e+01 3.999999e+00
1.699419212e+01 1.000000e-01
1.699585880e+01 3.999999e+00
1.699752546e+01 1.000000e-01
1.699919213e+01 3.999999e+00
1.700085879e+01 1.000000e-01
1.700252547e+01 3.999999e+00
1.700419213e+01 1.000000e-01
1.700585880e+01 3.999999e+00
1.700752546e+01 1.000000e-01
1.700919214e+01 3.999999e+00
1.701085879e+01 1.000000e-01
1.701252547e+01 3.999999e+00
1.701419213e+01 1.000000e-01
1.701585880e+01 3.999999e+00
1.701752546e+01 1.000000e-01
1.701919214e+01 3.999999e+00
1.702085880e+01 1.000000e-01
1.702252547e+01 3.999999e+00
1.702419213e+01 1.000000e-01
1.702585881e+01 3.999999e+00
1.702752547e+01 1.000000e-01
1.702919214e+01 3.999999e+00
1.703085880e+01 1.000000e-01
1.703252548e+01 3.999999e+00
1.703419213e+01 1.000000e-01
1.703585881e+01 3.999999e+00
1.703752547e+01 1.000000e-01
1.703919215e+01 3.999999e+00
1.704085880e+01 1.000000e-01
1.704252548e+01 3.999999e+00
1.704419214e+01 1.000000e-01
1.704585881e+01 3.999999e+00
1.704752547e+01 1.000000e-01
1.704919215e+01 3.999999e+00
1.705085881e+01 1.000000e-01
1.705252548e+01 3.999999e+00
1.705419214e+01 1.000000e-01
1.705585882e+01 3.999999e+00
1.705752548e+01 1.000000e-01
1.705919215e+01 3.999999e+00
1.706085881e+01 1.000000e-01
1.706252549e+01 3.999999e+00
1.706419214e+01 1.000000e-01
1.706585882e+01 3.999999e+00
1.706752548e+01 1.000000e-01
1.706919216e+01 3.999999e+00
1.707085881e+01 1.000000e-01
1.707252549e+01 3.999999e+00
1.707419215e+01 1.000000e-01
1.707585882e+01 3.999999e+00
1.707752548e+01 1.000000e-01
1.707919216e+01 3.999999e+00
1.708085882e+01 1.000000e-01
1.708252549e+01 3.999999e+00
1.708419215e+01 1.000000e-01
1.708585883e+01 3.999999e+00
1.708752549e+01 1.000000e-01
1.708919216e+01 3.999999e+00
1.709085882e+01 1.000000e-01
1.709252550e+01 3.999999e+00
1.709419215e+01 1.000000e-01
1.709585883e+01 3.999999e+00
1.709752549e+01 1.000000e-01
1.709919216e+01 3.999999e+00
1.710085882e+01 1.000000e-01
1.710252550e+01 3.999999e+00
1.710419216e+01 1.000000e-01
1.710585883e+01 3.999999e+00
1.710752549e+01 1.000000e-01
1.710919217e+01 3.999999e+00
1.711085883e+01 1.000000e-01
1.711252550e+01 3.999999e+00
1.711419216e+01 1.000000e-01
1.711585884e+01 3.999999e+00
1.711752549e+01 1.000000e-01
1.711919217e+01 3.999999e+00
1.712085883e+01 1.000000e-01
1.712252551e+01 3.999999e+00
1.712419216e+01 1.000000e-01
1.712585884e+01 3.999999e+00
1.712752550e+01 1.000000e-01
1.712919217e+01 3.999999e+00
1.713085883e+01 1.000000e-01
1.713252551e+01 3.999999e+00
1.713419217e+01 1.000000e-01
1.713585884e+01 3.999999e+00
1.713752550e+01 1.000000e-01
1.713919218e+01 3.999999e+00
1.714085884e+01 1.000000e-01
1.714252551e+01 3.999999e+00
1.714419217e+01 1.000000e-01
1.714585885e+01 3.999999e+00
1.714752550e+01 1.000000e-01
1.714919218e+01 3.999999e+00
1.715085884e+01 1.000000e-01
1.715252552e+01 3.999999e+00
1.715419217e+01 1.000000e-01
1.715585885e+01 3.999999e+00
1.715752551e+01 1.000000e-01
1.715919218e+01 3.999999e+00
1.716085884e+01 1.000000e-01
1.716252552e+01 3.999999e+00
1.716419218e+01 1.000000e-01
1.716585885e+01 3.999999e+00
1.716752551e+01 1.000000e-01
1.716919219e+01 3.999999e+00
1.717085885e+01 1.000000e-01
1.717252552e+01 3.999999e+00
1.717419218e+01 1.000000e-01
1.717585886e+01 3.999999e+00
1.717752551e+01 1.000000e-01
1.717919219e+01 3.999999e+00
1.718085885e+01 1.000000e-01
1.718252552e+01 3.999999e+00
1.718419218e+01 1.000000e-01
1.718585886e+01 3.999999e+00
1.718752552e+01 1.000000e-01
1.718919219e+01 3.999999e+00
1.719085885e+01 1.000000e-01
1.719252553e+01 3.999999e+00
1.719419219e+01 1.000000e-01
1.719585886e+01 3.999999e+00
1.719752552e+01 1.000000e-01
1.719919220e+01 3.999999e+00
1.720085885e+01 1.000000e-01
1.720252553e+01 3.999999e+00
1.720419219e+01 1.000000e-01
1.720585887e+01 3.999999e+00
1.720752552e+01 1.000000e-01
1.720919220e+01 3.999999e+00
1.721085886e+01 1.000000e-01
1.721252553e+01 3.999999e+00
1.721419219e+01 1.000000e-01
1.721585887e+01 3.999999e+00
1.721752553e+01 1.000000e-01
1.721919220e+01 3.999999e+00
1.722085886e+01 1.000000e-01
1.722252554e+01 3.999999e+00
1.722419220e+01 1.000000e-01
1.722585887e+01 3.999999e+00
1.722752553e+01 1.000000e-01
1.722919221e+01 3.999999e+00
1.723085886e+01 1.000000e-01
1.723252554e+01 3.999999e+00
1.723419220e+01 1.000000e-01
1.723585888e+01 3.999999e+00
1.723752553e+01 1.000000e-01
1.723919221e+01 3.999999e+00
1.724085887e+01 1.000000e-01
1.724252554e+01 3.999999e+00
1.724419220e+01 1.000000e-01
1.724585888e+01 3.999999e+00
1.724752554e+01 1.000000e-01
1.724919221e+01 3.999999e+00
1.725085887e+01 1.000000e-01
1.725252555e+01 3.999999e+00
1.725419221e+01 1.000000e-01
1.725585888e+01 3.999999e+00
1.725752554e+01 1.000000e-01
1.725919222e+01 3.999999e+00
1.726085887e+01 1.000000e-01
1.726252555e+01 3.999999e+00
1.726419221e+01 1.000000e-01
1.726585888e+01 3.999999e+00
1.726752554e+01 1.000000e-01
1.726919222e+01 3.999999e+00
1.727085888e+01 1.000000e-01
1.727252555e+01 3.999999e+00
1.727419221e+01 1.000000e-01
1.727585889e+01 3.999999e+00
1.727752555e+01 1.000000e-01
1.727919222e+01 3.999999e+00
1.728085888e+01 1.000000e-01
1.728252556e+01 3.999999e+00
1.728419221e+01 1.000000e-01
1.728585889e+01 3.999999e+00
1.728752555e+01 1.000000e-01
1.728919223e+01 3.999999e+00
1.729085888e+01 1.000000e-01
1.729252556e+01 3.999999e+00
1.729419222e+01 1.000000e-01
1.729585889e+01 3.999999e+00
1.729752555e+01 1.000000e-01
1.729919223e+01 3.999999e+00
1.730085889e+01 1.000000e-01
1.730252556e+01 3.999999e+00
1.730419222e+01 1.000000e-01
1.730585890e+01 3.999999e+00
1.730752556e+01 1.000000e-01
1.730919223e+01 3.999999e+00
1.731085889e+01 1.000000e-01
1.731252557e+01 3.999999e+00
1.731419222e+01 1.000000e-01
1.731585890e+01 3.999999e+00
1.731752556e+01 1.000000e-01
1.731919224e+01 3.999999e+00
1.732085889e+01 1.000000e-01
1.732252557e+01 3.999999e+00
1.732419223e+01 1.000000e-01
1.732585890e+01 3.999999e+00
1.732752556e+01 1.000000e-01
1.732919224e+01 3.999999e+00
1.733085890e+01 1.000000e-01
1.733252557e+01 3.999999e+00
1.733419223e+01 1.000000e-01
1.733585891e+01 3.999999e+00
1.733752557e+01 1.000000e-01
1.733919224e+01 3.999999e+00
1.734085890e+01 1.000000e-01
1.734252558e+01 3.999999e+00
1.734419223e+01 1.000000e-01
1.734585891e+01 3.999999e+00
1.734752557e+01 1.000000e-01
1.734919224e+01 3.999999e+00
1.735085890e+01 1.000000e-01
1.735252558e+01 3.999999e+00
1.735419224e+01 1.000000e-01
1.735585891e+01 3.999999e+00
1.735752557e+01 1.000000e-01
1.735919225e+01 3.999999e+00
1.736085891e+01 1.000000e-01
1.736252558e+01 3.999999e+00
1.736419224e+01 1.000000e-01
1.736585892e+01 3.999999e+00
1.736752557e+01 1.000000e-01
1.736919225e+01 3.999999e+00
1.737085891e+01 1.000000e-01
1.737252559e+01 3.999999e+00
1.737419224e+01 1.000000e-01
1.737585892e+01 3.999999e+00
1.737752558e+01 1.000000e-01
1.737919225e+01 3.999999e+00
1.738085891e+01 1.000000e-01
1.738252559e+01 3.999999e+00
1.738419225e+01 1.000000e-01
1.738585892e+01 3.999999e+00
1.738752558e+01 1.000000e-01
1.738919226e+01 3.999999e+00
1.739085892e+01 1.000000e-01
1.739252559e+01 3.999999e+00
1.739419225e+01 1.000000e-01
1.739585893e+01 3.999999e+00
1.739752558e+01 1.000000e-01
1.739919226e+01 3.999999e+00
1.740085892e+01 1.000000e-01
1.740252560e+01 3.999999e+00
1.740419225e+01 1.000000e-01
1.740585893e+01 3.999999e+00
1.740752559e+01 1.000000e-01
1.740919226e+01 3.999999e+00
1.741085892e+01 1.000000e-01
1.741252560e+01 3.999999e+00
1.741419226e+01 1.000000e-01
1.741585893e+01 3.999999e+00
1.741752559e+01 1.000000e-01
1.741919227e+01 3.999999e+00
1.742085893e+01 1.000000e-01
1.742252560e+01 3.999999e+00
1.742419226e+01 1.000000e-01
1.742585894e+01 3.999999e+00
1.742752559e+01 1.000000e-01
1.742919227e+01 3.999999e+00
1.743085893e+01 1.000000e-01
1.743252560e+01 3.999999e+00
1.743419226e+01 1.000000e-01
1.743585894e+01 3.999999e+00
1.743752560e+01 1.000000e-01
1.743919227e+01 3.999999e+00
1.744085893e+01 1.000000e-01
1.744252561e+01 3.999999e+00
1.744419227e+01 1.000000e-01
1.744585894e+01 3.999999e+00
1.744752560e+01 1.000000e-01
1.744919228e+01 3.999999e+00
1.745085893e+01 1.000000e-01
1.745252561e+01 3.999999e+00
1.745419227e+01 1.000000e-01
1.745585895e+01 3.999999e+00
1.745752560e+01 1.000000e-01
1.745919228e+01 3.999999e+00
1.746085894e+01 1.000000e-01
1.746252561e+01 3.999999e+00
1.746419227e+01 1.000000e-01
1.746585895e+01 3.999999e+00
1.746752561e+01 1.000000e-01
1.746919228e+01 3.999999e+00
1.747085894e+01 1.000000e-01
1.747252562e+01 3.999999e+00
1.747419228e+01 1.000000e-01
1.747585895e+01 3.999999e+00
1.747752561e+01 1.000000e-01
1.747919229e+01 3.999999e+00
1.748085894e+01 1.000000e-01
1.748252562e+01 3.999999e+00
1.748419228e+01 1.000000e-01
1.748585896e+01 3.999999e+00
1.748752561e+01 1.000000e-01
1.748919229e+01 3.999999e+00
1.749085895e+01 1.000000e-01
1.749252562e+01 3.999999e+00
1.749419228e+01 1.000000e-01
1.749585896e+01 3.999999e+00
1.749752562e+01 1.000000e-01
1.749919229e+01 3.999999e+00
1.750085895e+01 1.000000e-01
1.750252563e+01 3.999999e+00
1.750419229e+01 1.000000e-01
1.750585896e+01 3.999999e+00
1.750752562e+01 1.000000e-01
1.750919230e+01 3.999999e+00
1.751085895e+01 1.000000e-01
1.751252563e+01 3.999999e+00
1.751419229e+01 1.000000e-01
1.751585896e+01 3.999999e+00
1.751752562e+01 1.000000e-01
1.751919230e+01 3.999999e+00
1.752085896e+01 1.000000e-01
1.752252563e+01 3.999999e+00
1.752419229e+01 1.000000e-01
1.752585897e+01 3.999999e+00
1.752752563e+01 1.000000e-01
1.752919230e+01 3.999999e+00
1.753085896e+01 1.000000e-01
1.753252564e+01 3.999999e+00
1.753419229e+01 1.000000e-01
1.753585897e+01 3.999999e+00
1.753752563e+01 1.000000e-01
1.753919231e+01 3.999999e+00
1.754085896e+01 1.000000e-01
1.754252564e+01 3.999999e+00
1.754419230e+01 1.000000e-01
1.754585897e+01 3.999999e+00
1.754752563e+01 1.000000e-01
1.754919231e+01 3.999999e+00
1.755085897e+01 1.000000e-01
1.755252564e+01 3.999999e+00
1.755419230e+01 1.000000e-01
1.755585898e+01 3.999999e+00
1.755752564e+01 1.000000e-01
1.755919231e+01 3.999999e+00
1.756085897e+01 1.000000e-01
1.756252565e+01 3.999999e+00
1.756419230e+01 1.000000e-01
1.756585898e+01 3.999999e+00
1.756752564e+01 1.000000e-01
1.756919232e+01 3.999999e+00
1.757085897e+01 1.000000e-01
1.757252565e+01 3.999999e+00
1.757419231e+01 1.000000e-01
1.757585898e+01 3.999999e+00
1.757752564e+01 1.000000e-01
1.757919232e+01 3.999999e+00
1.758085898e+01 1.000000e-01
1.758252565e+01 3.999999e+00
1.758419231e+01 1.000000e-01
1.758585899e+01 3.999999e+00
1.758752565e+01 1.000000e-01
1.758919232e+01 3.999999e+00
1.759085898e+01 1.000000e-01
1.759252566e+01 3.999999e+00
1.759419231e+01 1.000000e-01
1.759585899e+01 3.999999e+00
1.759752565e+01 1.000000e-01
1.759919232e+01 3.999999e+00
1.760085898e+01 1.000000e-01
1.760252566e+01 3.999999e+00
1.760419232e+01 1.000000e-01
1.760585899e+01 3.999999e+00
1.760752565e+01 1.000000e-01
1.760919233e+01 3.999999e+00
1.761085899e+01 1.000000e-01
1.761252566e+01 3.999999e+00
1.761419232e+01 1.000000e-01
1.761585900e+01 3.999999e+00
1.761752565e+01 1.000000e-01
1.761919233e+01 3.999999e+00
1.762085899e+01 1.000000e-01
1.762252567e+01 3.999999e+00
1.762419232e+01 1.000000e-01
1.762585900e+01 3.999999e+00
1.762752566e+01 1.000000e-01
1.762919233e+01 3.999999e+00
1.763085899e+01 1.000000e-01
1.763252567e+01 3.999999e+00
1.763419233e+01 1.000000e-01
1.763585900e+01 3.999999e+00
1.763752566e+01 1.000000e-01
1.763919234e+01 3.999999e+00
1.764085900e+01 1.000000e-01
1.764252567e+01 3.999999e+00
1.764419233e+01 1.000000e-01
1.764585901e+01 3.999999e+00
1.764752566e+01 1.000000e-01
1.764919234e+01 3.999999e+00
1.765085900e+01 1.000000e-01
1.765252568e+01 3.999999e+00
1.765419233e+01 1.000000e-01
1.765585901e+01 3.999999e+00
1.765752567e+01 1.000000e-01
1.765919234e+01 3.999999e+00
1.766085900e+01 1.000000e-01
1.766252568e+01 3.999999e+00
1.766419234e+01 1.000000e-01
1.766585901e+01 3.999999e+00
1.766752567e+01 1.000000e-01
1.766919235e+01 3.999999e+00
1.767085901e+01 1.000000e-01
1.767252568e+01 3.999999e+00
1.767419234e+01 1.000000e-01
1.767585902e+01 3.999999e+00
1.767752567e+01 1.000000e-01
1.767919235e+01 3.999999e+00
1.768085901e+01 1.000000e-01
1.768252568e+01 3.999999e+00
1.768419234e+01 1.000000e-01
1.768585902e+01 3.999999e+00
1.768752568e+01 1.000000e-01
1.768919235e+01 3.999999e+00
1.769085901e+01 1.000000e-01
1.769252569e+01 3.999999e+00
1.769419235e+01 1.000000e-01
1.769585902e+01 3.999999e+00
1.769752568e+01 1.000000e-01
1.769919236e+01 3.999999e+00
1.770085901e+01 1.000000e-01
1.770252569e+01 3.999999e+00
1.770419235e+01 1.000000e-01
1.770585903e+01 3.999999e+00
1.770752568e+01 1.000000e-01
1.770919236e+01 3.999999e+00
1.771085902e+01 1.000000e-01
1.771252569e+01 3.999999e+00
1.771419235e+01 1.000000e-01
1.771585903e+01 3.999999e+00
1.771752569e+01 1.000000e-01
1.771919236e+01 3.999999e+00
1.772085902e+01 1.000000e-01
1.772252570e+01 3.999999e+00
1.772419236e+01 1.000000e-01
1.772585903e+01 3.999999e+00
1.772752569e+01 1.000000e-01
1.772919237e+01 3.999999e+00
1.773085902e+01 1.000000e-01
1.773252570e+01 3.999999e+00
1.773419236e+01 1.000000e-01
1.773585904e+01 3.999999e+00
1.773752569e+01 1.000000e-01
1.773919237e+01 3.999999e+00
1.774085903e+01 1.000000e-01
1.774252570e+01 3.999999e+00
1.774419236e+01 1.000000e-01
1.774585904e+01 3.999999e+00
1.774752570e+01 1.000000e-01
1.774919237e+01 3.999999e+00
1.775085903e+01 1.000000e-01
1.775252571e+01 3.999999e+00
1.775419237e+01 1.000000e-01
1.775585904e+01 3.999999e+00
1.775752570e+01 1.000000e-01
1.775919238e+01 3.999999e+00
1.776085903e+01 1.000000e-01
1.776252571e+01 3.999999e+00
1.776419237e+01 1.000000e-01
1.776585904e+01 3.999999e+00
1.776752570e+01 1.000000e-01
1.776919238e+01 3.999999e+00
1.777085904e+01 1.000000e-01
1.777252571e+01 3.999999e+00
1.777419237e+01 1.000000e-01
1.777585905e+01 3.999999e+00
1.777752571e+01 1.000000e-01
1.777919238e+01 3.999999e+00
1.778085904e+01 1.000000e-01
1.778252572e+01 3.999999e+00
1.778419237e+01 1.000000e-01
1.778585905e+01 3.999999e+00
1.778752571e+01 1.000000e-01
1.778919239e+01 3.999999e+00
1.779085904e+01 1.000000e-01
1.779252572e+01 3.999999e+00
1.779419238e+01 1.000000e-01
1.779585905e+01 3.999999e+00
1.779752571e+01 1.000000e-01
1.779919239e+01 3.999999e+00
1.780085905e+01 1.000000e-01
1.780252572e+01 3.999999e+00
1.780419238e+01 1.000000e-01
1.780585906e+01 3.999999e+00
1.780752572e+01 1.000000e-01
1.780919239e+01 3.999999e+00
1.781085905e+01 1.000000e-01
1.781252573e+01 3.999999e+00
1.781419238e+01 1.000000e-01
1.781585906e+01 3.999999e+00
1.781752572e+01 1.000000e-01
1.781919240e+01 3.999999e+00
1.782085905e+01 1.000000e-01
1.782252573e+01 3.999999e+00
1.782419239e+01 1.000000e-01
1.782585906e+01 3.999999e+00
1.782752572e+01 1.000000e-01
1.782919240e+01 3.999999e+00
1.783085906e+01 1.000000e-01
1.783252573e+01 3.999999e+00
1.783419239e+01 1.000000e-01
1.783585907e+01 3.999999e+00
1.783752573e+01 1.000000e-01
1.783919240e+01 3.999999e+00
1.784085906e+01 1.000000e-01
1.784252574e+01 3.999999e+00
1.784419239e+01 1.000000e-01
1.784585907e+01 3.999999e+00
1.784752573e+01 1.000000e-01
1.784919240e+01 3.999999e+00
1.785085906e+01 1.000000e-01
1.785252574e+01 3.999999e+00
1.785419240e+01 1.000000e-01
1.785585907e+01 3.999999e+00
1.785752573e+01 1.000000e-01
1.785919241e+01 3.999999e+00
1.786085907e+01 1.000000e-01
1.786252574e+01 3.999999e+00
1.786419240e+01 1.000000e-01
1.786585908e+01 3.999999e+00
1.786752573e+01 1.000000e-01
1.786919241e+01 3.999999e+00
1.787085907e+01 1.000000e-01
1.787252575e+01 3.999999e+00
1.787419240e+01 1.000000e-01
1.787585908e+01 3.999999e+00
1.787752574e+01 1.000000e-01
1.787919241e+01 3.999999e+00
1.788085907e+01 1.000000e-01
1.788252575e+01 3.999999e+00
1.788419241e+01 1.000000e-01
1.788585908e+01 3.999999e+00
1.788752574e+01 1.000000e-01
1.788919242e+01 3.999999e+00
1.789085908e+01 1.000000e-01
1.789252575e+01 3.999999e+00
1.789419241e+01 1.000000e-01
1.789585909e+01 3.999999e+00
1.789752574e+01 1.000000e-01
1.789919242e+01 3.999999e+00
1.790085908e+01 1.000000e-01
1.790252576e+01 3.999999e+00
1.790419241e+01 1.000000e-01
1.790585909e+01 3.999999e+00
1.790752575e+01 1.000000e-01
1.790919242e+01 3.999999e+00
1.791085908e+01 1.000000e-01
1.791252576e+01 3.999999e+00
1.791419242e+01 1.000000e-01
1.791585909e+01 3.999999e+00
1.791752575e+01 1.000000e-01
1.791919243e+01 3.999999e+00
1.792085909e+01 1.000000e-01
1.792252576e+01 3.999999e+00
1.792419242e+01 1.000000e-01
1.792585910e+01 3.999999e+00
1.792752575e+01 1.000000e-01
1.792919243e+01 3.999999e+00
1.793085909e+01 1.000000e-01
1.793252576e+01 3.999999e+00
1.793419242e+01 1.000000e-01
1.793585910e+01 3.999999e+00
1.793752576e+01 1.000000e-01
1.793919243e+01 3.999999e+00
1.794085909e+01 1.000000e-01
1.794252577e+01 3.999999e+00
1.794419243e+01 1.000000e-01
1.794585910e+01 3.999999e+00
1.794752576e+01 1.000000e-01
1.794919244e+01 3.999999e+00
1.795085909e+01 1.000000e-01
1.795252577e+01 3.999999e+00
1.795419243e+01 1.000000e-01
1.795585911e+01 3.999999e+00
1.795752576e+01 1.000000e-01
1.795919244e+01 3.999999e+00
1.796085910e+01 1.000000e-01
1.796252577e+01 3.999999e+00
1.796419243e+01 1.000000e-01
1.796585911e+01 3.999999e+00
1.796752577e+01 1.000000e-01
1.796919244e+01 3.999999e+00
1.797085910e+01 1.000000e-01
1.797252578e+01 3.999999e+00
1.797419244e+01 1.000000e-01
1.797585911e+01 3.999999e+00
1.797752577e+01 1.000000e-01
1.797919245e+01 3.999999e+00
1.798085910e+01 1.000000e-01
1.798252578e+01 3.999999e+00
1.798419244e+01 1.000000e-01
1.798585912e+01 3.999999e+00
1.798752577e+01 1.000000e-01
1.798919245e+01 3.999999e+00
1.799085911e+01 1.000000e-01
1.799252578e+01 3.999999e+00
1.799419244e+01 1.000000e-01
1.799585912e+01 3.999999e+00
1.799752578e+01 1.000000e-01
1.799919245e+01 3.999999e+00
1.800085911e+01 1.000000e-01
1.800252579e+01 3.999999e+00
1.800419245e+01 1.000000e-01
1.800585912e+01 3.999999e+00
1.800752578e+01 1.000000e-01
1.800919246e+01 3.999999e+00
1.801085911e+01 1.000000e-01
1.801252579e+01 3.999999e+00
1.801419245e+01 1.000000e-01
1.801585912e+01 3.999999e+00
1.801752578e+01 1.000000e-01
1.801919246e+01 3.999999e+00
1.802085912e+01 1.000000e-01
1.802252579e+01 3.999999e+00
1.802419245e+01 1.000000e-01
1.802585913e+01 3.999999e+00
1.802752579e+01 1.000000e-01
1.802919246e+01 3.999999e+00
1.803085912e+01 1.000000e-01
1.803252580e+01 3.999999e+00
1.803419245e+01 1.000000e-01
1.803585913e+01 3.999999e+00
1.803752579e+01 1.000000e-01
1.803919247e+01 3.999999e+00
1.804085912e+01 1.000000e-01
1.804252580e+01 3.999999e+00
1.804419246e+01 1.000000e-01
1.804585913e+01 3.999999e+00
1.804752579e+01 1.000000e-01
1.804919247e+01 3.999999e+00
1.805085913e+01 1.000000e-01
1.805252580e+01 3.999999e+00
1.805419246e+01 1.000000e-01
1.805585914e+01 3.999999e+00
1.805752580e+01 1.000000e-01
1.805919247e+01 3.999999e+00
1.806085913e+01 1.000000e-01
1.806252581e+01 3.999999e+00
1.806419246e+01 1.000000e-01
1.806585914e+01 3.999999e+00
1.806752580e+01 1.000000e-01
1.806919248e+01 3.999999e+00
1.807085913e+01 1.000000e-01
1.807252581e+01 3.999999e+00
1.807419247e+01 1.000000e-01
1.807585914e+01 3.999999e+00
1.807752580e+01 1.000000e-01
1.807919248e+01 3.999999e+00
1.808085914e+01 1.000000e-01
1.808252581e+01 3.999999e+00
1.808419247e+01 1.000000e-01
1.808585915e+01 3.999999e+00
1.808752581e+01 1.000000e-01
1.808919248e+01 3.999999e+00
1.809085914e+01 1.000000e-01
1.809252582e+01 3.999999e+00
1.809419247e+01 1.000000e-01
1.809585915e+01 3.999999e+00
1.809752581e+01 1.000000e-01
1.809919248e+01 3.999999e+00
1.810085914e+01 1.000000e-01
1.810252582e+01 3.999999e+00
1.810419248e+01 1.000000e-01
1.810585915e+01 3.999999e+00
1.810752581e+01 1.000000e-01
1.810919249e+01 3.999999e+00
1.811085915e+01 1.000000e-01
1.811252582e+01 3.999999e+00
1.811419248e+01 1.000000e-01
1.811585916e+01 3.999999e+00
1.811752581e+01 1.000000e-01
1.811919249e+01 3.999999e+00
1.812085915e+01 1.000000e-01
1.812252583e+01 3.999999e+00
1.812419248e+01 1.000000e-01
1.812585916e+01 3.999999e+00
1.812752582e+01 1.000000e-01
1.812919249e+01 3.999999e+00
1.813085915e+01 1.000000e-01
1.813252583e+01 3.999999e+00
1.813419249e+01 1.000000e-01
1.813585916e+01 3.999999e+00
1.813752582e+01 1.000000e-01
1.813919250e+01 3.999999e+00
1.814085916e+01 1.000000e-01
1.814252583e+01 3.999999e+00
1.814419249e+01 1.000000e-01
1.814585917e+01 3.999999e+00
1.814752582e+01 1.000000e-01
1.814919250e+01 3.999999e+00
1.815085916e+01 1.000000e-01
1.815252584e+01 3.999999e+00
1.815419249e+01 1.000000e-01
1.815585917e+01 3.999999e+00
1.815752583e+01 1.000000e-01
1.815919250e+01 3.999999e+00
1.816085916e+01 1.000000e-01
1.816252584e+01 3.999999e+00
1.816419250e+01 1.000000e-01
1.816585917e+01 3.999999e+00
1.816752583e+01 1.000000e-01
1.816919251e+01 3.999999e+00
1.817085917e+01 1.000000e-01
1.817252584e+01 3.999999e+00
1.817419250e+01 1.000000e-01
1.817585918e+01 3.999999e+00
1.817752583e+01 1.000000e-01
1.817919251e+01 3.999999e+00
1.818085917e+01 1.000000e-01
1.818252584e+01 3.999999e+00
1.818419250e+01 1.000000e-01
1.818585918e+01 3.999999e+00
1.818752584e+01 1.000000e-01
1.818919251e+01 3.999999e+00
1.819085917e+01 1.000000e-01
1.819252585e+01 3.999999e+00
1.819419251e+01 1.000000e-01
1.819585918e+01 3.999999e+00
1.819752584e+01 1.000000e-01
1.819919252e+01 3.999999e+00
1.820085917e+01 1.000000e-01
1.820252585e+01 3.999999e+00
1.820419251e+01 1.000000e-01
1.820585919e+01 3.999999e+00
1.820752584e+01 1.000000e-01
1.820919252e+01 3.999999e+00
1.821085918e+01 1.000000e-01
1.821252585e+01 3.999999e+00
1.821419251e+01 1.000000e-01
1.821585919e+01 3.999999e+00
1.821752585e+01 1.000000e-01
1.821919252e+01 3.999999e+00
1.822085918e+01 1.000000e-01
1.822252586e+01 3.999999e+00
1.822419252e+01 1.000000e-01
1.822585919e+01 3.999999e+00
1.822752585e+01 1.000000e-01
1.822919253e+01 3.999999e+00
1.823085918e+01 1.000000e-01
1.823252586e+01 3.999999e+00
1.823419252e+01 1.000000e-01
1.823585920e+01 3.999999e+00
1.823752585e+01 1.000000e-01
1.823919253e+01 3.999999e+00
1.824085919e+01 1.000000e-01
1.824252586e+01 3.999999e+00
1.824419252e+01 1.000000e-01
1.824585920e+01 3.999999e+00
1.824752586e+01 1.000000e-01
1.824919253e+01 3.999999e+00
1.825085919e+01 1.000000e-01
1.825252587e+01 3.999999e+00
1.825419253e+01 1.000000e-01
1.825585920e+01 3.999999e+00
1.825752586e+01 1.000000e-01
1.825919254e+01 3.999999e+00
1.826085919e+01 1.000000e-01
1.826252587e+01 3.999999e+00
1.826419253e+01 1.000000e-01
1.826585920e+01 3.999999e+00
1.826752586e+01 1.000000e-01
1.826919254e+01 3.999999e+00
1.827085920e+01 1.000000e-01
1.827252587e+01 3.999999e+00
1.827419253e+01 1.000000e-01
1.827585921e+01 3.999999e+00
1.827752587e+01 1.000000e-01
1.827919254e+01 3.999999e+00
1.828085920e+01 1.000000e-01
1.828252588e+01 3.999999e+00
1.828419253e+01 1.000000e-01
1.828585921e+01 3.999999e+00
1.828752587e+01 1.000000e-01
1.828919255e+01 3.999999e+00
1.829085920e+01 1.000000e-01
1.829252588e+01 3.999999e+00
1.829419254e+01 1.000000e-01
1.829585921e+01 3.999999e+00
1.829752587e+01 1.000000e-01
1.829919255e+01 3.999999e+00
1.830085921e+01 1.000000e-01
1.830252588e+01 3.999999e+00
1.830419254e+01 1.000000e-01
1.830585922e+01 3.999999e+00
1.830752588e+01 1.000000e-01
1.830919255e+01 3.999999e+00
1.831085921e+01 1.000000e-01
1.831252589e+01 3.999999e+00
1.831419254e+01 1.000000e-01
1.831585922e+01 3.999999e+00
1.831752588e+01 1.000000e-01
1.831919256e+01 3.999999e+00
1.832085921e+01 1.000000e-01
1.832252589e+01 3.999999e+00
1.832419255e+01 1.000000e-01
1.832585922e+01 3.999999e+00
1.832752588e+01 1.000000e-01
1.832919256e+01 3.999999e+00
1.833085922e+01 1.000000e-01
1.833252589e+01 3.999999e+00
1.833419255e+01 1.000000e-01
1.833585923e+01 3.999999e+00
1.833752589e+01 1.000000e-01
1.833919256e+01 3.999999e+00
1.834085922e+01 1.000000e-01
1.834252590e+01 3.999999e+00
1.834419255e+01 1.000000e-01
1.834585923e+01 3.999999e+00
1.834752589e+01 1.000000e-01
1.834919256e+01 3.999999e+00
1.835085922e+01 1.000000e-01
1.835252590e+01 3.999999e+00
1.835419256e+01 1.000000e-01
1.835585923e+01 3.999999e+00
1.835752589e+01 1.000000e-01
1.835919257e+01 3.999999e+00
1.836085923e+01 1.000000e-01
1.836252590e+01 3.999999e+00
1.836419256e+01 1.000000e-01
1.836585924e+01 3.999999e+00
1.836752589e+01 1.000000e-01
1.836919257e+01 3.999999e+00
1.837085923e+01 1.000000e-01
1.837252591e+01 3.999999e+00
1.837419256e+01 1.000000e-01
1.837585924e+01 3.999999e+00
1.837752590e+01 1.000000e-01
1.837919257e+01 3.999999e+00
1.838085923e+01 1.000000e-01
1.838252591e+01 3.999999e+00
1.838419257e+01 1.000000e-01
1.838585924e+01 3.999999e+00
1.838752590e+01 1.000000e-01
1.838919258e+01 3.999999e+00
1.839085924e+01 1.000000e-01
1.839252591e+01 3.999999e+00
1.839419257e+01 1.000000e-01
1.839585925e+01 3.999999e+00
1.839752590e+01 1.000000e-01
1.839919258e+01 3.999999e+00
1.840085924e+01 1.000000e-01
1.840252592e+01 3.999999e+00
1.840419257e+01 1.000000e-01
1.840585925e+01 3.999999e+00
1.840752591e+01 1.000000e-01
1.840919258e+01 3.999999e+00
1.841085924e+01 1.000000e-01
1.841252592e+01 3.999999e+00
1.841419258e+01 1.000000e-01
1.841585925e+01 3.999999e+00
1.841752591e+01 1.000000e-01
1.841919259e+01 3.999999e+00
1.842085925e+01 1.000000e-01
1.842252592e+01 3.999999e+00
1.842419258e+01 1.000000e-01
1.842585926e+01 3.999999e+00
1.842752591e+01 1.000000e-01
1.842919259e+01 3.999999e+00
1.843085925e+01 1.000000e-01
1.843252592e+01 3.999999e+00
1.843419258e+01 1.000000e-01
1.843585926e+01 3.999999e+00
1.843752592e+01 1.000000e-01
1.843919259e+01 3.999999e+00
1.844085925e+01 1.000000e-01
1.844252593e+01 3.999999e+00
1.844419259e+01 1.000000e-01
1.844585926e+01 3.999999e+00
1.844752592e+01 1.000000e-01
1.844919260e+01 3.999999e+00
1.845085925e+01 1.000000e-01
1.845252593e+01 3.999999e+00
1.845419259e+01 1.000000e-01
1.845585927e+01 3.999999e+00
1.845752592e+01 1.000000e-01
1.845919260e+01 3.999999e+00
1.846085926e+01 1.000000e-01
1.846252593e+01 3.999999e+00
1.846419259e+01 1.000000e-01
1.846585927e+01 3.999999e+00
1.846752593e+01 1.000000e-01
1.846919260e+01 3.999999e+00
1.847085926e+01 1.000000e-01
1.847252594e+01 3.999999e+00
1.847419260e+01 1.000000e-01
1.847585927e+01 3.999999e+00
1.847752593e+01 1.000000e-01
1.847919261e+01 3.999999e+00
1.848085926e+01 1.000000e-01
1.848252594e+01 3.999999e+00
1.848419260e+01 1.000000e-01
1.848585928e+01 3.999999e+00
1.848752593e+01 1.000000e-01
1.848919261e+01 3.999999e+00
1.849085927e+01 1.000000e-01
1.849252594e+01 3.999999e+00
1.849419260e+01 1.000000e-01
1.849585928e+01 3.999999e+00
1.849752594e+01 1.000000e-01
1.849919261e+01 3.999999e+00
1.850085927e+01 1.000000e-01
1.850252595e+01 3.999999e+00
1.850419261e+01 1.000000e-01
1.850585928e+01 3.999999e+00
1.850752594e+01 1.000000e-01
1.850919262e+01 3.999999e+00
1.851085927e+01 1.000000e-01
1.851252595e+01 3.999999e+00
1.851419261e+01 1.000000e-01
1.851585928e+01 3.999999e+00
1.851752594e+01 1.000000e-01
1.851919262e+01 3.999999e+00
1.852085928e+01 1.000000e-01
1.852252595e+01 3.999999e+00
1.852419261e+01 1.000000e-01
1.852585929e+01 3.999999e+00
1.852752595e+01 1.000000e-01
1.852919262e+01 3.999999e+00
1.853085928e+01 1.000000e-01
1.853252596e+01 3.999999e+00
1.853419261e+01 1.000000e-01
1.853585929e+01 3.999999e+00
1.853752595e+01 1.000000e-01
1.853919263e+01 3.999999e+00
1.854085928e+01 1.000000e-01
1.854252596e+01 3.999999e+00
1.854419262e+01 1.000000e-01
1.854585929e+01 3.999999e+00
1.854752595e+01 1.000000e-01
1.854919263e+01 3.999999e+00
1.855085929e+01 1.000000e-01
1.855252596e+01 3.999999e+00
1.855419262e+01 1.000000e-01
1.855585930e+01 3.999999e+00
1.855752596e+01 1.000000e-01
1.855919263e+01 3.999999e+00
1.856085929e+01 1.000000e-01
1.856252597e+01 3.999999e+00
1.856419262e+01 1.000000e-01
1.856585930e+01 3.999999e+00
1.856752596e+01 1.000000e-01
1.856919264e+01 3.999999e+00
1.857085929e+01 1.000000e-01
1.857252597e+01 3.999999e+00
1.857419263e+01 1.000000e-01
1.857585930e+01 3.999999e+00
1.857752596e+01 1.000000e-01
1.857919264e+01 3.999999e+00
1.858085930e+01 1.000000e-01
1.858252597e+01 3.999999e+00
1.858419263e+01 1.000000e-01
1.858585931e+01 3.999999e+00
1.858752597e+01 1.000000e-01
1.858919264e+01 3.999999e+00
1.859085930e+01 1.000000e-01
1.859252598e+01 3.999999e+00
1.859419263e+01 1.000000e-01
1.859585931e+01 3.999999e+00
1.859752597e+01 1.000000e-01
1.859919264e+01 3.999999e+00
1.860085930e+01 1.000000e-01
1.860252598e+01 3.999999e+00
1.860419264e+01 1.000000e-01
1.860585931e+01 3.999999e+00
1.860752597e+01 1.000000e-01
1.860919265e+01 3.999999e+00
1.861085931e+01 1.000000e-01
1.861252598e+01 3.999999e+00
1.861419264e+01 1.000000e-01
1.861585932e+01 3.999999e+00
1.861752597e+01 1.000000e-01
1.861919265e+01 3.999999e+00
1.862085931e+01 1.000000e-01
1.862252599e+01 3.999999e+00
1.862419264e+01 1.000000e-01
1.862585932e+01 3.999999e+00
1.862752598e+01 1.000000e-01
1.862919265e+01 3.999999e+00
1.863085931e+01 1.000000e-01
1.863252599e+01 3.999999e+00
1.863419265e+01 1.000000e-01
1.863585932e+01 3.999999e+00
1.863752598e+01 1.000000e-01
1.863919266e+01 3.999999e+00
1.864085932e+01 1.000000e-01
1.864252599e+01 3.999999e+00
1.864419265e+01 1.000000e-01
1.864585933e+01 3.999999e+00
1.864752598e+01 1.000000e-01
1.864919266e+01 3.999999e+00
1.865085932e+01 1.000000e-01
1.865252600e+01 3.999999e+00
1.865419265e+01 1.000000e-01
1.865585933e+01 3.999999e+00
1.865752599e+01 1.000000e-01
1.865919266e+01 3.999999e+00
1.866085932e+01 1.000000e-01
1.866252600e+01 3.999999e+00
1.866419266e+01 1.000000e-01
1.866585933e+01 3.999999e+00
1.866752599e+01 1.000000e-01
1.866919267e+01 3.999999e+00
1.867085933e+01 1.000000e-01
1.867252600e+01 3.999999e+00
1.867419266e+01 1.000000e-01
1.867585934e+01 3.999999e+00
1.867752599e+01 1.000000e-01
1.867919267e+01 3.999999e+00
1.868085933e+01 1.000000e-01
1.868252600e+01 3.999999e+00
1.868419266e+01 1.000000e-01
1.868585934e+01 3.999999e+00
1.868752600e+01 1.000000e-01
1.868919267e+01 3.999999e+00
1.869085933e+01 1.000000e-01
1.869252601e+01 3.999999e+00
1.869419267e+01 1.000000e-01
1.869585934e+01 3.999999e+00
1.869752600e+01 1.000000e-01
1.869919268e+01 3.999999e+00
1.870085933e+01 1.000000e-01
1.870252601e+01 3.999999e+00
1.870419267e+01 1.000000e-01
1.870585935e+01 3.999999e+00
1.870752600e+01 1.000000e-01
1.870919268e+01 3.999999e+00
1.871085934e+01 1.000000e-01
1.871252601e+01 3.999999e+00
1.871419267e+01 1.000000e-01
1.871585935e+01 3.999999e+00
1.871752601e+01 1.000000e-01
1.871919268e+01 3.999999e+00
1.872085934e+01 1.000000e-01
1.872252602e+01 3.999999e+00
1.872419268e+01 1.000000e-01
1.872585935e+01 3.999999e+00
1.872752601e+01 1.000000e-01
1.872919269e+01 3.999999e+00
1.873085934e+01 1.000000e-01
1.873252602e+01 3.999999e+00
1.873419268e+01 1.000000e-01
1.873585936e+01 3.999999e+00
1.873752601e+01 1.000000e-01
1.873919269e+01 3.999999e+00
1.874085935e+01 1.000000e-01
1.874252602e+01 3.999999e+00
1.874419268e+01 1.000000e-01
1.874585936e+01 3.999999e+00
1.874752602e+01 1.000000e-01
1.874919269e+01 3.999999e+00
1.875085935e+01 1.000000e-01
1.875252603e+01 3.999999e+00
1.875419269e+01 1.000000e-01
1.875585936e+01 3.999999e+00
1.875752602e+01 1.000000e-01
1.875919270e+01 3.999999e+00
1.876085935e+01 1.000000e-01
1.876252603e+01 3.999999e+00
1.876419269e+01 1.000000e-01
1.876585936e+01 3.999999e+00
1.876752602e+01 1.000000e-01
1.876919270e+01 3.999999e+00
1.877085936e+01 1.000000e-01
1.877252603e+01 3.999999e+00
1.877419269e+01 1.000000e-01
1.877585937e+01 3.999999e+00
1.877752603e+01 1.000000e-01
1.877919270e+01 3.999999e+00
1.878085936e+01 1.000000e-01
1.878252604e+01 3.999999e+00
1.878419269e+01 1.000000e-01
1.878585937e+01 3.999999e+00
1.878752603e+01 1.000000e-01
1.878919271e+01 3.999999e+00
1.879085936e+01 1.000000e-01
1.879252604e+01 3.999999e+00
1.879419270e+01 1.000000e-01
1.879585937e+01 3.999999e+00
1.879752603e+01 1.000000e-01
1.879919271e+01 3.999999e+00
1.880085937e+01 1.000000e-01
1.880252604e+01 3.999999e+00
1.880419270e+01 1.000000e-01
1.880585938e+01 3.999999e+00
1.880752604e+01 1.000000e-01
1.880919271e+01 3.999999e+00
1.881085937e+01 1.000000e-01
1.881252605e+01 3.999999e+00
1.881419270e+01 1.000000e-01
1.881585938e+01 3.999999e+00
1.881752604e+01 1.000000e-01
1.881919272e+01 3.999999e+00
1.882085937e+01 1.000000e-01
1.882252605e+01 3.999999e+00
1.882419271e+01 1.000000e-01
1.882585938e+01 3.999999e+00
1.882752604e+01 1.000000e-01
1.882919272e+01 3.999999e+00
1.883085938e+01 1.000000e-01
1.883252605e+01 3.999999e+00
1.883419271e+01 1.000000e-01
1.883585939e+01 3.999999e+00
1.883752605e+01 1.000000e-01
1.883919272e+01 3.999999e+00
1.884085938e+01 1.000000e-01
1.884252606e+01 3.999999e+00
1.884419271e+01 1.000000e-01
1.884585939e+01 3.999999e+00
1.884752605e+01 1.000000e-01
1.884919272e+01 3.999999e+00
1.885085938e+01 1.000000e-01
1.885252606e+01 3.999999e+00
1.885419272e+01 1.000000e-01
1.885585939e+01 3.999999e+00
1.885752605e+01 1.000000e-01
1.885919273e+01 3.999999e+00
1.886085939e+01 1.000000e-01
1.886252606e+01 3.999999e+00
1.886419272e+01 1.000000e-01
1.886585940e+01 3.999999e+00
1.886752605e+01 1.000000e-01
1.886919273e+01 3.999999e+00
1.887085939e+01 1.000000e-01
1.887252607e+01 3.999999e+00
1.887419272e+01 1.000000e-01
1.887585940e+01 3.999999e+00
1.887752606e+01 1.000000e-01
1.887919273e+01 3.999999e+00
1.888085939e+01 1.000000e-01
1.888252607e+01 3.999999e+00
1.888419273e+01 1.000000e-01
1.888585940e+01 3.999999e+00
1.888752606e+01 1.000000e-01
1.888919274e+01 3.999999e+00
1.889085940e+01 1.000000e-01
1.889252607e+01 3.999999e+00
1.889419273e+01 1.000000e-01
1.889585941e+01 3.999999e+00
1.889752606e+01 1.000000e-01
1.889919274e+01 3.999999e+00
1.890085940e+01 1.000000e-01
1.890252608e+01 3.999999e+00
1.890419273e+01 1.000000e-01
1.890585941e+01 3.999999e+00
1.890752607e+01 1.000000e-01
1.890919274e+01 3.999999e+00
1.891085940e+01 1.000000e-01
1.891252608e+01 3.999999e+00
1.891419274e+01 1.000000e-01
1.891585941e+01 3.999999e+00
1.891752607e+01 1.000000e-01
1.891919275e+01 3.999999e+00
1.892085941e+01 1.000000e-01
1.892252608e+01 3.999999e+00
1.892419274e+01 1.000000e-01
1.892585942e+01 3.999999e+00
1.892752607e+01 1.000000e-01
1.892919275e+01 3.999999e+00
1.893085941e+01 1.000000e-01
1.893252608e+01 3.999999e+00
1.893419274e+01 1.000000e-01
1.893585942e+01 3.999999e+00
1.893752608e+01 1.000000e-01
1.893919275e+01 3.999999e+00
1.894085941e+01 1.000000e-01
1.894252609e+01 3.999999e+00
1.894419275e+01 1.000000e-01
1.894585942e+01 3.999999e+00
1.894752608e+01 1.000000e-01
1.894919276e+01 3.999999e+00
1.895085941e+01 1.000000e-01
1.895252609e+01 3.999999e+00
1.895419275e+01 1.000000e-01
1.895585943e+01 3.999999e+00
1.895752608e+01 1.000000e-01
1.895919276e+01 3.999999e+00
1.896085942e+01 1.000000e-01
1.896252609e+01 3.999999e+00
1.896419275e+01 1.000000e-01
1.896585943e+01 3.999999e+00
1.896752609e+01 1.000000e-01
1.896919276e+01 3.999999e+00
1.897085942e+01 1.000000e-01
1.897252610e+01 3.999999e+00
1.897419276e+01 1.000000e-01
1.897585943e+01 3.999999e+00
1.897752609e+01 1.000000e-01
1.897919277e+01 3.999999e+00
1.898085942e+01 1.000000e-01
1.898252610e+01 3.999999e+00
1.898419276e+01 1.000000e-01
1.898585944e+01 3.999999e+00
1.898752609e+01 1.000000e-01
1.898919277e+01 3.999999e+00
1.899085943e+01 1.000000e-01
1.899252610e+01 3.999999e+00
1.899419276e+01 1.000000e-01
1.899585944e+01 3.999999e+00
1.899752610e+01 1.000000e-01
1.899919277e+01 3.999999e+00
1.900085943e+01 1.000000e-01
1.900252611e+01 3.999999e+00
1.900419277e+01 1.000000e-01
1.900585944e+01 3.999999e+00
1.900752610e+01 1.000000e-01
1.900919278e+01 3.999999e+00
1.901085943e+01 1.000000e-01
1.901252611e+01 3.999999e+00
1.901419277e+01 1.000000e-01
1.901585944e+01 3.999999e+00
1.901752610e+01 1.000000e-01
1.901919278e+01 3.999999e+00
1.902085944e+01 1.000000e-01
1.902252611e+01 3.999999e+00
1.902419277e+01 1.000000e-01
1.902585945e+01 3.999999e+00
1.902752611e+01 1.000000e-01
1.902919278e+01 3.999999e+00
1.903085944e+01 1.000000e-01
1.903252612e+01 3.999999e+00
1.903419277e+01 1.000000e-01
1.903585945e+01 3.999999e+00
1.903752611e+01 1.000000e-01
1.903919279e+01 3.999999e+00
1.904085944e+01 1.000000e-01
1.904252612e+01 3.999999e+00
1.904419278e+01 1.000000e-01
1.904585945e+01 3.999999e+00
1.904752611e+01 1.000000e-01
1.904919279e+01 3.999999e+00
1.905085945e+01 1.000000e-01
1.905252612e+01 3.999999e+00
1.905419278e+01 1.000000e-01
1.905585946e+01 3.999999e+00
1.905752612e+01 1.000000e-01
1.905919279e+01 3.999999e+00
1.906085945e+01 1.000000e-01
1.906252613e+01 3.999999e+00
1.906419278e+01 1.000000e-01
1.906585946e+01 3.999999e+00
1.906752612e+01 1.000000e-01
1.906919280e+01 3.999999e+00
1.907085945e+01 1.000000e-01
1.907252613e+01 3.999999e+00
1.907419279e+01 1.000000e-01
1.907585946e+01 3.999999e+00
1.907752612e+01 1.000000e-01
1.907919280e+01 3.999999e+00
1.908085946e+01 1.000000e-01
1.908252613e+01 3.999999e+00
1.908419279e+01 1.000000e-01
1.908585947e+01 3.999999e+00
1.908752613e+01 1.000000e-01
1.908919280e+01 3.999999e+00
1.909085946e+01 1.000000e-01
1.909252614e+01 3.999999e+00
1.909419279e+01 1.000000e-01
1.909585947e+01 3.999999e+00
1.909752613e+01 1.000000e-01
1.909919280e+01 3.999999e+00
1.910085946e+01 1.000000e-01
1.910252614e+01 3.999999e+00
1.910419280e+01 1.000000e-01
1.910585947e+01 3.999999e+00
1.910752613e+01 1.000000e-01
1.910919281e+01 3.999999e+00
1.911085947e+01 1.000000e-01
1.911252614e+01 3.999999e+00
1.911419280e+01 1.000000e-01
1.911585948e+01 3.999999e+00
1.911752613e+01 1.000000e-01
1.911919281e+01 3.999999e+00
1.912085947e+01 1.000000e-01
1.912252615e+01 3.999999e+00
1.912419280e+01 1.000000e-01
1.912585948e+01 3.999999e+00
1.912752614e+01 1.000000e-01
1.912919281e+01 3.999999e+00
1.913085947e+01 1.000000e-01
1.913252615e+01 3.999999e+00
1.913419281e+01 1.000000e-01
1.913585948e+01 3.999999e+00
1.913752614e+01 1.000000e-01
1.913919282e+01 3.999999e+00
1.914085948e+01 1.000000e-01
1.914252615e+01 3.999999e+00
1.914419281e+01 1.000000e-01
1.914585949e+01 3.999999e+00
1.914752614e+01 1.000000e-01
1.914919282e+01 3.999999e+00
1.915085948e+01 1.000000e-01
1.915252616e+01 3.999999e+00
1.915419281e+01 1.000000e-01
1.915585949e+01 3.999999e+00
1.915752615e+01 1.000000e-01
1.915919282e+01 3.999999e+00
1.916085948e+01 1.000000e-01
1.916252616e+01 3.999999e+00
1.916419282e+01 1.000000e-01
1.916585949e+01 3.999999e+00
1.916752615e+01 1.000000e-01
1.916919283e+01 3.999999e+00
1.917085949e+01 1.000000e-01
1.917252616e+01 3.999999e+00
1.917419282e+01 1.000000e-01
1.917585950e+01 3.999999e+00
1.917752615e+01 1.000000e-01
1.917919283e+01 3.999999e+00
1.918085949e+01 1.000000e-01
1.918252616e+01 3.999999e+00
1.918419282e+01 1.000000e-01
1.918585950e+01 3.999999e+00
1.918752616e+01 1.000000e-01
1.918919283e+01 3.999999e+00
1.919085949e+01 1.000000e-01
1.919252617e+01 3.999999e+00
1.919419283e+01 1.000000e-01
1.919585950e+01 3.999999e+00
1.919752616e+01 1.000000e-01
1.919919284e+01 3.999999e+00
1.920085949e+01 1.000000e-01
1.920252617e+01 3.999999e+00
1.920419283e+01 1.000000e-01
1.920585951e+01 3.999999e+00
1.920752616e+01 1.000000e-01
1.920919284e+01 3.999999e+00
1.921085950e+01 1.000000e-01
1.921252617e+01 3.999999e+00
1.921419283e+01 1.000000e-01
1.921585951e+01 3.999999e+00
1.921752617e+01 1.000000e-01
1.921919284e+01 3.999999e+00
1.922085950e+01 1.000000e-01
1.922252618e+01 3.999999e+00
1.922419284e+01 1.000000e-01
1.922585951e+01 3.999999e+00
1.922752617e+01 1.000000e-01
1.922919285e+01 3.999999e+00
1.923085950e+01 1.000000e-01
1.923252618e+01 3.999999e+00
1.923419284e+01 1.000000e-01
1.923585952e+01 3.999999e+00
1.923752617e+01 1.000000e-01
1.923919285e+01 3.999999e+00
1.924085951e+01 1.000000e-01
1.924252618e+01 3.999999e+00
1.924419284e+01 1.000000e-01
1.924585952e+01 3.999999e+00
1.924752618e+01 1.000000e-01
1.924919285e+01 3.999999e+00
1.925085951e+01 1.000000e-01
1.925252619e+01 3.999999e+00
1.925419285e+01 1.000000e-01
1.925585952e+01 3.999999e+00
1.925752618e+01 1.000000e-01
1.925919286e+01 3.999999e+00
1.926085951e+01 1.000000e-01
1.926252619e+01 3.999999e+00
1.926419285e+01 1.000000e-01
1.926585952e+01 3.999999e+00
1.926752618e+01 1.000000e-01
1.926919286e+01 3.999999e+00
1.927085952e+01 1.000000e-01
1.927252619e+01 3.999999e+00
1.927419285e+01 1.000000e-01
1.927585953e+01 3.999999e+00
1.927752619e+01 1.000000e-01
1.927919286e+01 3.999999e+00
1.928085952e+01 1.000000e-01
1.928252620e+01 3.999999e+00
1.928419285e+01 1.000000e-01
1.928585953e+01 3.999999e+00
1.928752619e+01 1.000000e-01
1.928919287e+01 3.999999e+00
1.929085952e+01 1.000000e-01
1.929252620e+01 3.999999e+00
1.929419286e+01 1.000000e-01
1.929585953e+01 3.999999e+00
1.929752619e+01 1.000000e-01
1.929919287e+01 3.999999e+00
1.930085953e+01 1.000000e-01
1.930252620e+01 3.999999e+00
1.930419286e+01 1.000000e-01
1.930585954e+01 3.999999e+00
1.930752620e+01 1.000000e-01
1.930919287e+01 3.999999e+00
1.931085953e+01 1.000000e-01
1.931252621e+01 3.999999e+00
1.931419286e+01 1.000000e-01
1.931585954e+01 3.999999e+00
1.931752620e+01 1.000000e-01
1.931919288e+01 3.999999e+00
1.932085953e+01 1.000000e-01
1.932252621e+01 3.999999e+00
1.932419287e+01 1.000000e-01
1.932585954e+01 3.999999e+00
1.932752620e+01 1.000000e-01
1.932919288e+01 3.999999e+00
1.933085954e+01 1.000000e-01
1.933252621e+01 3.999999e+00
1.933419287e+01 1.000000e-01
1.933585955e+01 3.999999e+00
1.933752621e+01 1.000000e-01
1.933919288e+01 3.999999e+00
1.934085954e+01 1.000000e-01
1.934252622e+01 3.999999e+00
1.934419287e+01 1.000000e-01
1.934585955e+01 3.999999e+00
1.934752621e+01 1.000000e-01
1.934919288e+01 3.999999e+00
1.935085954e+01 1.000000e-01
1.935252622e+01 3.999999e+00
1.935419288e+01 1.000000e-01
1.935585955e+01 3.999999e+00
1.935752621e+01 1.000000e-01
1.935919289e+01 3.999999e+00
1.936085955e+01 1.000000e-01
1.936252622e+01 3.999999e+00
1.936419288e+01 1.000000e-01
1.936585956e+01 3.999999e+00
1.936752621e+01 1.000000e-01
1.936919289e+01 3.999999e+00
1.937085955e+01 1.000000e-01
1.937252623e+01 3.999999e+00
1.937419288e+01 1.000000e-01
1.937585956e+01 3.999999e+00
1.937752622e+01 1.000000e-01
1.937919289e+01 3.999999e+00
1.938085955e+01 1.000000e-01
1.938252623e+01 3.999999e+00
1.938419289e+01 1.000000e-01
1.938585956e+01 3.999999e+00
1.938752622e+01 1.000000e-01
1.938919290e+01 3.999999e+00
1.939085956e+01 1.000000e-01
1.939252623e+01 3.999999e+00
1.939419289e+01 1.000000e-01
1.939585957e+01 3.999999e+00
1.939752622e+01 1.000000e-01
1.939919290e+01 3.999999e+00
1.940085956e+01 1.000000e-01
1.940252624e+01 3.999999e+00
1.940419289e+01 1.000000e-01
1.940585957e+01 3.999999e+00
1.940752623e+01 1.000000e-01
1.940919290e+01 3.999999e+00
1.941085956e+01 1.000000e-01
1.941252624e+01 3.999999e+00
1.941419290e+01 1.000000e-01
1.941585957e+01 3.999999e+00
1.941752623e+01 1.000000e-01
1.941919291e+01 3.999999e+00
1.942085957e+01 1.000000e-01
1.942252624e+01 3.999999e+00
1.942419290e+01 1.000000e-01
1.942585958e+01 3.999999e+00
1.942752623e+01 1.000000e-01
1.942919291e+01 3.999999e+00
1.943085957e+01 1.000000e-01
1.943252624e+01 3.999999e+00
1.943419290e+01 1.000000e-01
1.943585958e+01 3.999999e+00
1.943752624e+01 1.000000e-01
1.943919291e+01 3.999999e+00
1.944085957e+01 1.000000e-01
1.944252625e+01 3.999999e+00
1.944419291e+01 1.000000e-01
1.944585958e+01 3.999999e+00
1.944752624e+01 1.000000e-01
1.944919292e+01 3.999999e+00
1.945085957e+01 1.000000e-01
1.945252625e+01 3.999999e+00
1.945419291e+01 1.000000e-01
1.945585959e+01 3.999999e+00
1.945752624e+01 1.000000e-01
1.945919292e+01 3.999999e+00
1.946085958e+01 1.000000e-01
1.946252625e+01 3.999999e+00
1.946419291e+01 1.000000e-01
1.946585959e+01 3.999999e+00
1.946752625e+01 1.000000e-01
1.946919292e+01 3.999999e+00
1.947085958e+01 1.000000e-01
1.947252626e+01 3.999999e+00
1.947419292e+01 1.000000e-01
1.947585959e+01 3.999999e+00
1.947752625e+01 1.000000e-01
1.947919293e+01 3.999999e+00
1.948085958e+01 1.000000e-01
1.948252626e+01 3.999999e+00
1.948419292e+01 1.000000e-01
1.948585960e+01 3.999999e+00
1.948752625e+01 1.000000e-01
1.948919293e+01 3.999999e+00
1.949085959e+01 1.000000e-01
1.949252626e+01 3.999999e+00
1.949419292e+01 1.000000e-01
1.949585960e+01 3.999999e+00
1.949752626e+01 1.000000e-01
1.949919293e+01 3.999999e+00
1.950085959e+01 1.000000e-01
1.950252627e+01 3.999999e+00
1.950419293e+01 1.000000e-01
1.950585960e+01 3.999999e+00
1.950752626e+01 1.000000e-01
1.950919294e+01 3.999999e+00
1.951085959e+01 1.000000e-01
1.951252627e+01 3.999999e+00
1.951419293e+01 1.000000e-01
1.951585960e+01 3.999999e+00
1.951752626e+01 1.000000e-01
1.951919294e+01 3.999999e+00
1.952085960e+01 1.000000e-01
1.952252627e+01 3.999999e+00
1.952419293e+01 1.000000e-01
1.952585961e+01 3.999999e+00
1.952752627e+01 1.000000e-01
1.952919294e+01 3.999999e+00
1.953085960e+01 1.000000e-01
1.953252628e+01 3.999999e+00
1.953419293e+01 1.000000e-01
1.953585961e+01 3.999999e+00
1.953752627e+01 1.000000e-01
1.953919295e+01 3.999999e+00
1.954085960e+01 1.000000e-01
1.954252628e+01 3.999999e+00
1.954419294e+01 1.000000e-01
1.954585961e+01 3.999999e+00
1.954752627e+01 1.000000e-01
1.954919295e+01 3.999999e+00
1.955085961e+01 1.000000e-01
1.955252628e+01 3.999999e+00
1.955419294e+01 1.000000e-01
1.955585962e+01 3.999999e+00
1.955752628e+01 1.000000e-01
1.955919295e+01 3.999999e+00
1.956085961e+01 1.000000e-01
1.956252629e+01 3.999999e+00
1.956419294e+01 1.000000e-01
1.956585962e+01 3.999999e+00
1.956752628e+01 1.000000e-01
1.956919296e+01 3.999999e+00
1.957085961e+01 1.000000e-01
1.957252629e+01 3.999999e+00
1.957419295e+01 1.000000e-01
1.957585962e+01 3.999999e+00
1.957752628e+01 1.000000e-01
1.957919296e+01 3.999999e+00
1.958085962e+01 1.000000e-01
1.958252629e+01 3.999999e+00
1.958419295e+01 1.000000e-01
1.958585963e+01 3.999999e+00
1.958752629e+01 1.000000e-01
1.958919296e+01 3.999999e+00
1.959085962e+01 1.000000e-01
1.959252630e+01 3.999999e+00
1.959419295e+01 1.000000e-01
1.959585963e+01 3.999999e+00
1.959752629e+01 1.000000e-01
1.959919296e+01 3.999999e+00
1.960085962e+01 1.000000e-01
1.960252630e+01 3.999999e+00
1.960419296e+01 1.000000e-01
1.960585963e+01 3.999999e+00
1.960752629e+01 1.000000e-01
1.960919297e+01 3.999999e+00
1.961085963e+01 1.000000e-01
1.961252630e+01 3.999999e+00
1.961419296e+01 1.000000e-01
1.961585964e+01 3.999999e+00
1.961752629e+01 1.000000e-01
1.961919297e+01 3.999999e+00
1.962085963e+01 1.000000e-01
1.962252631e+01 3.999999e+00
1.962419296e+01 1.000000e-01
1.962585964e+01 3.999999e+00
1.962752630e+01 1.000000e-01
1.962919297e+01 3.999999e+00
1.963085963e+01 1.000000e-01
1.963252631e+01 3.999999e+00
1.963419297e+01 1.000000e-01
1.963585964e+01 3.999999e+00
1.963752630e+01 1.000000e-01
1.963919298e+01 3.999999e+00
1.964085964e+01 1.000000e-01
1.964252631e+01 3.999999e+00
1.964419297e+01 1.000000e-01
1.964585965e+01 3.999999e+00
1.964752630e+01 1.000000e-01
1.964919298e+01 3.999999e+00
1.965085964e+01 1.000000e-01
1.965252632e+01 3.999999e+00
1.965419297e+01 1.000000e-01
1.965585965e+01 3.999999e+00
1.965752631e+01 1.000000e-01
1.965919298e+01 3.999999e+00
1.966085964e+01 1.000000e-01
1.966252632e+01 3.999999e+00
1.966419298e+01 1.000000e-01
1.966585965e+01 3.999999e+00
1.966752631e+01 1.000000e-01
1.966919299e+01 3.999999e+00
1.967085965e+01 1.000000e-01
1.967252632e+01 3.999999e+00
1.967419298e+01 1.000000e-01
1.967585966e+01 3.999999e+00
1.967752631e+01 1.000000e-01
1.967919299e+01 3.999999e+00
1.968085965e+01 1.000000e-01
1.968252632e+01 3.999999e+00
1.968419298e+01 1.000000e-01
1.968585966e+01 3.999999e+00
1.968752632e+01 1.000000e-01
1.968919299e+01 3.999999e+00
1.969085965e+01 1.000000e-01
1.969252633e+01 3.999999e+00
1.969419299e+01 1.000000e-01
1.969585966e+01 3.999999e+00
1.969752632e+01 1.000000e-01
1.969919300e+01 3.999999e+00
1.970085965e+01 1.000000e-01
1.970252633e+01 3.999999e+00
1.970419299e+01 1.000000e-01
1.970585967e+01 3.999999e+00
1.970752632e+01 1.000000e-01
1.970919300e+01 3.999999e+00
1.971085966e+01 1.000000e-01
1.971252633e+01 3.999999e+00
1.971419299e+01 1.000000e-01
1.971585967e+01 3.999999e+00
1.971752633e+01 1.000000e-01
1.971919300e+01 3.999999e+00
1.972085966e+01 1.000000e-01
1.972252634e+01 3.999999e+00
1.972419300e+01 1.000000e-01
1.972585967e+01 3.999999e+00
1.972752633e+01 1.000000e-01
1.972919301e+01 3.999999e+00
1.973085966e+01 1.000000e-01
1.973252634e+01 3.999999e+00
1.973419300e+01 1.000000e-01
1.973585968e+01 3.999999e+00
1.973752633e+01 1.000000e-01
1.973919301e+01 3.999999e+00
1.974085967e+01 1.000000e-01
1.974252634e+01 3.999999e+00
1.974419300e+01 1.000000e-01
1.974585968e+01 3.999999e+00
1.974752634e+01 1.000000e-01
1.974919301e+01 3.999999e+00
1.975085967e+01 1.000000e-01
1.975252635e+01 3.999999e+00
1.975419301e+01 1.000000e-01
1.975585968e+01 3.999999e+00
1.975752634e+01 1.000000e-01
1.975919302e+01 3.999999e+00
1.976085967e+01 1.000000e-01
1.976252635e+01 3.999999e+00
1.976419301e+01 1.000000e-01
1.976585968e+01 3.999999e+00
1.976752634e+01 1.000000e-01
1.976919302e+01 3.999999e+00
1.977085968e+01 1.000000e-01
1.977252635e+01 3.999999e+00
1.977419301e+01 1.000000e-01
1.977585969e+01 3.999999e+00
1.977752635e+01 1.000000e-01
1.977919302e+01 3.999999e+00
1.978085968e+01 1.000000e-01
1.978252636e+01 3.999999e+00
1.978419301e+01 1.000000e-01
1.978585969e+01 3.999999e+00
1.978752635e+01 1.000000e-01
1.978919303e+01 3.999999e+00
1.979085968e+01 1.000000e-01
1.979252636e+01 3.999999e+00
1.979419302e+01 1.000000e-01
1.979585969e+01 3.999999e+00
1.979752635e+01 1.000000e-01
1.979919303e+01 3.999999e+00
1.980085969e+01 1.000000e-01
1.980252636e+01 3.999999e+00
1.980419302e+01 1.000000e-01
1.980585970e+01 3.999999e+00
1.980752636e+01 1.000000e-01
1.980919303e+01 3.999999e+00
1.981085969e+01 1.000000e-01
1.981252637e+01 3.999999e+00
1.981419302e+01 1.000000e-01
1.981585970e+01 3.999999e+00
1.981752636e+01 1.000000e-01
1.981919304e+01 3.999999e+00
1.982085969e+01 1.000000e-01
1.982252637e+01 3.999999e+00
1.982419303e+01 1.000000e-01
1.982585970e+01 3.999999e+00
1.982752636e+01 1.000000e-01
1.982919304e+01 3.999999e+00
1.983085970e+01 1.000000e-01
1.983252637e+01 3.999999e+00
1.983419303e+01 1.000000e-01
1.983585971e+01 3.999999e+00
1.983752637e+01 1.000000e-01
1.983919304e+01 3.999999e+00
1.984085970e+01 1.000000e-01
1.984252638e+01 3.999999e+00
1.984419303e+01 1.000000e-01
1.984585971e+01 3.999999e+00
1.984752637e+01 1.000000e-01
1.984919304e+01 3.999999e+00
1.985085970e+01 1.000000e-01
1.985252638e+01 3.999999e+00
1.985419304e+01 1.000000e-01
1.985585971e+01 3.999999e+00
1.985752637e+01 1.000000e-01
1.985919305e+01 3.999999e+00
1.986085971e+01 1.000000e-01
1.986252638e+01 3.999999e+00
1.986419304e+01 1.000000e-01
1.986585972e+01 3.999999e+00
1.986752637e+01 1.000000e-01
1.986919305e+01 3.999999e+00
1.987085971e+01 1.000000e-01
1.987252639e+01 3.999999e+00
1.987419304e+01 1.000000e-01
1.987585972e+01 3.999999e+00
1.987752638e+01 1.000000e-01
1.987919305e+01 3.999999e+00
1.988085971e+01 1.000000e-01
1.988252639e+01 3.999999e+00
1.988419305e+01 1.000000e-01
1.988585972e+01 3.999999e+00
1.988752638e+01 1.000000e-01
1.988919306e+01 3.999999e+00
1.989085972e+01 1.000000e-01
1.989252639e+01 3.999999e+00
1.989419305e+01 1.000000e-01
1.989585973e+01 3.999999e+00
1.989752638e+01 1.000000e-01
1.989919306e+01 3.999999e+00
1.990085972e+01 1.000000e-01
1.990252640e+01 3.999999e+00
1.990419305e+01 1.000000e-01
1.990585973e+01 3.999999e+00
1.990752639e+01 1.000000e-01
1.990919306e+01 3.999999e+00
1.991085972e+01 1.000000e-01
1.991252640e+01 3.999999e+00
1.991419306e+01 1.000000e-01
1.991585973e+01 3.999999e+00
1.991752639e+01 1.000000e-01
1.991919307e+01 3.999999e+00
1.992085973e+01 1.000000e-01
1.992252640e+01 3.999999e+00
1.992419306e+01 1.000000e-01
1.992585974e+01 3.999999e+00
1.992752639e+01 1.000000e-01
1.992919307e+01 3.999999e+00
1.993085973e+01 1.000000e-01
1.993252640e+01 3.999999e+00
1.993419306e+01 1.000000e-01
1.993585974e+01 3.999999e+00
1.993752640e+01 1.000000e-01
1.993919307e+01 3.999999e+00
1.994085973e+01 1.000000e-01
1.994252641e+01 3.999999e+00
1.994419307e+01 1.000000e-01
1.994585974e+01 3.999999e+00
1.994752640e+01 1.000000e-01
1.994919308e+01 3.999999e+00
1.995085973e+01 1.000000e-01
1.995252641e+01 3.999999e+00
1.995419307e+01 1.000000e-01
1.995585975e+01 3.999999e+00
1.995752640e+01 1.000000e-01
1.995919308e+01 3.999999e+00
1.996085974e+01 1.000000e-01
1.996252641e+01 3.999999e+00
1.996419307e+01 1.000000e-01
1.996585975e+01 3.999999e+00
1.996752641e+01 1.000000e-01
1.996919308e+01 3.999999e+00
1.997085974e+01 1.000000e-01
1.997252642e+01 3.999999e+00
1.997419308e+01 1.000000e-01
1.997585975e+01 3.999999e+00
1.997752641e+01 1.000000e-01
1.997919309e+01 3.999999e+00
1.998085974e+01 1.000000e-01
1.998252642e+01 3.999999e+00
1.998419308e+01 1.000000e-01
1.998585976e+01 3.999999e+00
1.998752641e+01 1.000000e-01
1.998919309e+01 3.999999e+00
1.999085975e+01 1.000000e-01
1.999252642e+01 3.999999e+00
1.999419308e+01 1.000000e-01
1.999585976e+01 3.999999e+00
1.999752642e+01 1.000000e-01
1.999919309e+01 3.999999e+00
2.000000000e+01 3.999999e+00
